******************************************************************************
                  MSP430 Linker PC v15.12.3                    
******************************************************************************
>> Linked Mon Apr 23 16:25:57 2018

OUTPUT FILE NAME:   <capture servo LCD.out>
ENTRY POINT SYMBOL: "_c_int00_noargs_noexit"  address: 0000fbce


MEMORY CONFIGURATION

         name            origin    length      used     unused   attr    fill
----------------------  --------  ---------  --------  --------  ----  --------
  SFR                   00000000   00000010  00000000  00000010  RWIX
  PERIPHERALS_8BIT      00000010   000000f0  00000000  000000f0  RWIX
  PERIPHERALS_16BIT     00000100   00000100  00000000  00000100  RWIX
  RAM                   00000200   00000200  0000006e  00000192  RWIX
  INFOD                 00001000   00000040  00000000  00000040  RWIX
  INFOC                 00001040   00000040  00000000  00000040  RWIX
  INFOB                 00001080   00000040  00000000  00000040  RWIX
  INFOA                 000010c0   00000040  00000000  00000040  RWIX
  FLASH                 0000c000   00003fe0  00003eb6  0000012a  RWIX
  INT00                 0000ffe0   00000002  00000002  00000000  RWIX
  INT01                 0000ffe2   00000002  00000000  00000002  RWIX
  INT02                 0000ffe4   00000002  00000002  00000000  RWIX
  INT03                 0000ffe6   00000002  00000002  00000000  RWIX
  INT04                 0000ffe8   00000002  00000000  00000002  RWIX
  INT05                 0000ffea   00000002  00000002  00000000  RWIX
  INT06                 0000ffec   00000002  00000002  00000000  RWIX
  INT07                 0000ffee   00000002  00000002  00000000  RWIX
  INT08                 0000fff0   00000002  00000002  00000000  RWIX
  INT09                 0000fff2   00000002  00000002  00000000  RWIX
  INT10                 0000fff4   00000002  00000002  00000000  RWIX
  INT11                 0000fff6   00000002  00000002  00000000  RWIX
  INT12                 0000fff8   00000002  00000002  00000000  RWIX
  INT13                 0000fffa   00000002  00000002  00000000  RWIX
  INT14                 0000fffc   00000002  00000002  00000000  RWIX
  RESET                 0000fffe   00000002  00000002  00000000  RWIX


SECTION ALLOCATION MAP

 output                                  attributes/
section   page    origin      length       input sections
--------  ----  ----------  ----------   ----------------
.bss       0    00000200    0000001c     UNINITIALIZED
                  00000200    00000010     (.common:value)
                  00000210    00000004     (.common:tdms)
                  00000214    00000002     (.common:again)
                  00000216    00000002     (.common:diff)
                  00000218    00000002     (.common:of)
                  0000021a    00000002     (.common:temp)

.data      0    0000021c    00000002     UNINITIALIZED
                  0000021c    00000002     rts430_eabi.lib : errno.obj (.data)

.stack     0    000003b0    00000050     UNINITIALIZED
                  000003b0    00000002     rts430_eabi.lib : boot.obj (.stack)
                  000003b2    0000004e     --HOLE--

.text      0    0000c000    00003d48     
                  0000c000    0000048e     rts430_eabi.lib : frcdivd.obj (.text:__TI_frcdivd)
                  0000c48e    00000384                     : div64u.obj (.text:__mspabi_divull)
                  0000c812    000002f4                     : frcmpyd.obj (.text:__TI_frcmpyd)
                  0000cb06    000002e8                     : addd.obj (.text:__mspabi_addd)
                  0000cdee    0000026e                     : mpyd.obj (.text:__mspabi_mpyd)
                  0000d05c    00000260                     : frcaddd.obj (.text:__TI_frcaddd)
                  0000d2bc    00000250                     : _printfi.obj (.text:_setfield)
                  0000d50c    0000024e                     : _printfi.obj (.text:_pproc_fgea)
                  0000d75a    00000244                     : _printfi.obj (.text:acvt)
                  0000d99e    00000238                     : divd.obj (.text:__mspabi_divd)
                  0000dbd6    00000216                     : _printfi.obj (.text:__TI_printfi)
                  0000ddec    0000020c                     : _printfi.obj (.text:ecvt)
                  0000dff8    000001e6                     : _printfi.obj (.text:fcvt)
                  0000e1de    000001a6                     : _printfi.obj (.text:_pconv_e)
                  0000e384    000001a4                     : s_scalbn.obj (.text:scalbn)
                  0000e528    00000174                     : _printfi.obj (.text:_pconv_a)
                  0000e69c    00000168                     : _printfi.obj (.text:_getarg_diouxp)
                  0000e804    0000014c                     : _printfi.obj (.text:_pproc_diouxp)
                  0000e950    0000012c                     : _printfi.obj (.text:_ltostr)
                  0000ea7c    000000f8                     : _printfi.obj (.text:_pconv_g)
                  0000eb74    000000f8                     : _printfi.obj (.text:_pproc_fwp)
                  0000ec6c    000000dc                     : cmpd.obj (.text:__mspabi_cmpd)
                  0000ed48    000000d0     main.obj (.text:main)
                  0000ee18    000000be     rts430_eabi.lib : renormd.obj (.text:__TI_renormd)
                  0000eed6    000000b0                     : s_frexp.obj (.text:frexp)
                  0000ef86    000000ac                     : fltlid.obj (.text:__mspabi_fltlid)
                  0000f032    000000ac                     : _printfi.obj (.text:_pproc_str)
                  0000f0de    0000009c                     : fs_div.obj (.text)
                  0000f17a    00000092                     : _printfi.obj (.text:_ecpy)
                  0000f20c    00000092                     : _printfi.obj (.text:_mcpy)
                  0000f29e    00000084                     : ltoa.obj (.text:ltoa)
                  0000f322    0000007a                     : _printfi.obj (.text:_pconv_f)
                  0000f39c    00000076     main.obj (.text:lcd_reset)
                  0000f412    00000072     rts430_eabi.lib : cvtfd.obj (.text:__mspabi_cvtfd)
                  0000f484    00000072                     : fixdli.obj (.text:__mspabi_fixdli)
                  0000f4f6    0000006e                     : autoinit.obj (.text:_auto_init)
                  0000f564    00000064                     : copy_decompress_rle.obj (.text:__TI_decompress_rle_core)
                  0000f5c8    0000005c                     : lsr32.obj (.text:l_lsr_const)
                  0000f624    0000005a                     : cpy_tbl.obj (.text:copy_in)
                  0000f67e    00000058                     : div32u.obj (.text)
                  0000f6d6    00000052                     : atoi.obj (.text:atoi)
                  0000f728    0000004e                     : _printfi.obj (.text:_fcpy)
                  0000f776    0000004c                     : lsr16.obj (.text)
                  0000f7c2    00000046     main.obj (.text:lcd_data)
                  0000f808    00000044     rts430_eabi.lib : lsr64.obj (.text:__mspabi_srlll)
                  0000f84c    00000042                     : lsl64.obj (.text:__mspabi_sllll)
                  0000f88e    00000040     main.obj (.text:lcd_cmd)
                  0000f8ce    00000040     rts430_eabi.lib : div32s.obj (.text)
                  0000f90e    0000003e                     : asr32.obj (.text:l_asr_const)
                  0000f94c    0000003e                     : lsl32.obj (.text:l_lsl_const)
                  0000f98a    0000003e     main.obj (.text:lcd_cmd_fast)
                  0000f9c8    00000038     main.obj (.text:Timer_A0)
                  0000fa00    00000038     rts430_eabi.lib : sprintf.obj (.text:sprintf)
                  0000fa38    0000002e                     : subd.obj (.text:__mspabi_subd)
                  0000fa66    0000002e                     : s_copysign.obj (.text:copysign)
                  0000fa94    0000002c     main.obj (.text:lcd_init)
                  0000fac0    0000002c     rts430_eabi.lib : asr16.obj (.text)
                  0000faec    0000002c                     : lsl16.obj (.text)
                  0000fb18    0000002a                     : negd.obj (.text:__mspabi_negd)
                  0000fb42    00000028                     : fixdi.obj (.text:__mspabi_fixdi)
                  0000fb6a    00000026                     : mult32.obj (.text)
                  0000fb90    00000024                     : fs_utof.obj (.text)
                  0000fbb4    0000001a     main.obj (.text:Timer_A)
                  0000fbce    0000001a     rts430_eabi.lib : boot_special.obj (.text:_c_int00_noargs_noexit)
                  0000fbe8    0000001a                     : sprintf.obj (.text:_outs)
                  0000fc02    0000001a                     : memccpy.obj (.text:memccpy)
                  0000fc1c    0000001a                     : strchr.obj (.text:strchr)
                  0000fc36    00000016                     : div16u.obj (.text)
                  0000fc4c    00000014                     : memset.obj (.text:memset)
                  0000fc60    00000014                     : mult16.obj (.text)
                  0000fc74    00000012                     : sprintf.obj (.text:_outc)
                  0000fc86    00000012                     : copy_decompress_none.obj (.text:decompress:none:__TI_decompress_none)
                  0000fc98    00000012     main.obj (.text:display_line)
                  0000fcaa    00000012     rts430_eabi.lib : lsr32.obj (.text:l_lsr)
                  0000fcbc    00000012                     : memcpy.obj (.text:memcpy)
                  0000fcce    00000010                     : asr32.obj (.text:l_asr)
                  0000fcde    00000010                     : lsl32.obj (.text:l_lsl)
                  0000fcee    00000010                     : epilog.obj (.text)
                  0000fcfe    0000000e                     : strlen.obj (.text:strlen)
                  0000fd0c    0000000c                     : fltid.obj (.text:__mspabi_fltid)
                  0000fd18    0000000c                     : toupper.obj (.text:toupper)
                  0000fd24    0000000a                     : abs.obj (.text:abs)
                  0000fd2e    00000008                     : isr_trap.obj (.text:_isr:__TI_ISR_TRAP)
                  0000fd36    00000006                     : exit.obj (.text:abort)
                  0000fd3c    00000006                     : copy_decompress_rle.obj (.text:decompress:rle24:__TI_decompress_rle24)
                  0000fd42    00000004                     : pre_init.obj (.text:_system_pre_init)
                  0000fd46    00000002                     : startup.obj (.text:_system_post_cinit)

.const     0    0000fd48    00000152     
                  0000fd48    00000101     rts430_eabi.lib : ctype.obj (.const:.string:_ctypes_)
                  0000fe49    00000001     --HOLE-- [fill = 0]
                  0000fe4a    0000002a     main.obj (.const:.string)
                  0000fe74    00000026     rts430_eabi.lib : _printfi.obj (.const:.string)

.cinit     0    0000fe9a    0000001c     
                  0000fe9a    00000009     (.cinit..bss.load) [load image, compression = rle]
                  0000fea3    00000001     --HOLE-- [fill = 0]
                  0000fea4    00000006     (.cinit..data.load) [load image]
                  0000feaa    00000004     (__TI_handler_table)
                  0000feae    00000008     (__TI_cinit_table)

.init_array 
*          0    0000c000    00000000     UNINITIALIZED

TRAPINT    0    0000ffe0    00000002     
                  0000ffe0    00000002     rts430_eabi.lib : int00.obj (.int00)

PORT1      0    0000ffe4    00000002     
                  0000ffe4    00000002     rts430_eabi.lib : int02.obj (.int02)

PORT2      0    0000ffe6    00000002     
                  0000ffe6    00000002     rts430_eabi.lib : int03.obj (.int03)

ADC10      0    0000ffea    00000002     
                  0000ffea    00000002     rts430_eabi.lib : int05.obj (.int05)

USCIAB0TX 
*          0    0000ffec    00000002     
                  0000ffec    00000002     rts430_eabi.lib : int06.obj (.int06)

USCIAB0RX 
*          0    0000ffee    00000002     
                  0000ffee    00000002     rts430_eabi.lib : int07.obj (.int07)

TIMER0_A1 
*          0    0000fff0    00000002     
                  0000fff0    00000002     main.obj (.int08)

TIMER0_A0 
*          0    0000fff2    00000002     
                  0000fff2    00000002     main.obj (.int09)

WDT        0    0000fff4    00000002     
                  0000fff4    00000002     rts430_eabi.lib : int10.obj (.int10)

COMPARATORA 
*          0    0000fff6    00000002     
                  0000fff6    00000002     rts430_eabi.lib : int11.obj (.int11)

TIMER1_A1 
*          0    0000fff8    00000002     
                  0000fff8    00000002     rts430_eabi.lib : int12.obj (.int12)

TIMER1_A0 
*          0    0000fffa    00000002     
                  0000fffa    00000002     rts430_eabi.lib : int13.obj (.int13)

NMI        0    0000fffc    00000002     
                  0000fffc    00000002     rts430_eabi.lib : int14.obj (.int14)

.reset     0    0000fffe    00000002     
                  0000fffe    00000002     rts430_eabi.lib : boot.obj (.reset)

MODULE SUMMARY

       Module                     code    ro data   rw data
       ------                     ----    -------   -------
    .\
       main.obj                   666     46        28     
    +--+--------------------------+-------+---------+---------+
       Total:                     666     46        28     
                                                           
    C:\ti\ccsv6\tools\compiler\msp430_15.12.3.LTS\lib\rts430_eabi.lib
       _printfi.obj               6252    38        0      
       frcdivd.obj                1166    0         0      
       div64u.obj                 900     0         0      
       frcmpyd.obj                756     0         0      
       addd.obj                   744     0         0      
       mpyd.obj                   622     0         0      
       frcaddd.obj                608     0         0      
       divd.obj                   568     0         0      
       s_scalbn.obj               420     0         0      
       ctype.obj                  0       257       0      
       cmpd.obj                   220     0         0      
       renormd.obj                190     0         0      
       s_frexp.obj                176     0         0      
       fltlid.obj                 172     0         0      
       fs_div.obj                 156     0         0      
       ltoa.obj                   132     0         0      
       cvtfd.obj                  114     0         0      
       fixdli.obj                 114     0         0      
       autoinit.obj               110     0         0      
       lsr32.obj                  110     0         0      
       copy_decompress_rle.obj    106     0         0      
       sprintf.obj                100     0         0      
       cpy_tbl.obj                90      0         0      
       div32u.obj                 88      0         0      
       atoi.obj                   82      0         0      
       asr32.obj                  78      0         0      
       lsl32.obj                  78      0         0      
       lsr16.obj                  76      0         0      
       lsr64.obj                  68      0         0      
       lsl64.obj                  66      0         0      
       div32s.obj                 64      0         0      
       s_copysign.obj             46      0         0      
       subd.obj                   46      0         0      
       asr16.obj                  44      0         0      
       lsl16.obj                  44      0         0      
       negd.obj                   42      0         0      
       fixdi.obj                  40      0         0      
       mult32.obj                 38      0         0      
       fs_utof.obj                36      0         0      
       boot_special.obj           26      0         0      
       memccpy.obj                26      0         0      
       strchr.obj                 26      0         0      
       div16u.obj                 22      0         0      
       memset.obj                 20      0         0      
       mult16.obj                 20      0         0      
       copy_decompress_none.obj   18      0         0      
       memcpy.obj                 18      0         0      
       epilog.obj                 16      0         0      
       strlen.obj                 14      0         0      
       fltid.obj                  12      0         0      
       toupper.obj                12      0         0      
       abs.obj                    10      0         0      
       isr_trap.obj               8       0         0      
       exit.obj                   6       0         0      
       pre_init.obj               4       0         0      
       boot.obj                   0       2         0      
       errno.obj                  0       0         2      
       int00.obj                  0       2         0      
       int02.obj                  0       2         0      
       int03.obj                  0       2         0      
       int05.obj                  0       2         0      
       int06.obj                  0       2         0      
       int07.obj                  0       2         0      
       int10.obj                  0       2         0      
       int11.obj                  0       2         0      
       int12.obj                  0       2         0      
       int13.obj                  0       2         0      
       int14.obj                  0       2         0      
       startup.obj                2       0         0      
    +--+--------------------------+-------+---------+---------+
       Total:                     15022   319       2      
                                                           
       Stack:                     0       0         80     
       Linker Generated:          0       27        0      
    +--+--------------------------+-------+---------+---------+
       Grand Total:               15688   392       110    


LINKER GENERATED COPY TABLES

__TI_cinit_table @ 0000feae records: 2, size/record: 4, table size: 8
	.bss: load addr=0000fe9a, load size=00000009 bytes, run addr=00000200, run size=0000001c bytes, compression=rle
	.data: load addr=0000fea4, load size=00000006 bytes, run addr=0000021c, run size=00000002 bytes, compression=copy


LINKER GENERATED HANDLER TABLE

__TI_handler_table @ 0000feaa records: 2, size/record: 2, table size: 4
	index: 0, handler: __TI_decompress_rle24
	index: 1, handler: __TI_decompress_none


GLOBAL SYMBOLS: SORTED ALPHABETICALLY BY Name 

address   name                    
-------   ----                    
0000004a  ADC10AE0                
000001b0  ADC10CTL0               
000001b2  ADC10CTL1               
00000048  ADC10DTC0               
00000049  ADC10DTC1               
000001b4  ADC10MEM                
000001bc  ADC10SA                 
00000057  BCSCTL1                 
00000058  BCSCTL2                 
00000053  BCSCTL3                 
0000fd36  C$$EXIT                 
00000059  CACTL1                  
0000005a  CACTL2                  
000010fb  CALBC1_12MHZ            
000010f9  CALBC1_16MHZ            
000010ff  CALBC1_1MHZ             
000010fd  CALBC1_8MHZ             
000010fa  CALDCO_12MHZ            
000010f8  CALDCO_16MHZ            
000010fe  CALDCO_1MHZ             
000010fc  CALDCO_8MHZ             
0000005b  CAPD                    
00000056  DCOCTL                  
00000128  FCTL1                   
0000012a  FCTL2                   
0000012c  FCTL3                   
00000000  IE1                     
00000001  IE2                     
00000002  IFG1                    
00000003  IFG2                    
00000022  P1DIR                   
00000025  P1IE                    
00000024  P1IES                   
00000023  P1IFG                   
00000020  P1IN                    
00000021  P1OUT                   
00000027  P1REN                   
00000026  P1SEL                   
00000041  P1SEL2                  
0000002a  P2DIR                   
0000002d  P2IE                    
0000002c  P2IES                   
0000002b  P2IFG                   
00000028  P2IN                    
00000029  P2OUT                   
0000002f  P2REN                   
0000002e  P2SEL                   
00000042  P2SEL2                  
0000001a  P3DIR                   
00000018  P3IN                    
00000019  P3OUT                   
00000010  P3REN                   
0000001b  P3SEL                   
00000043  P3SEL2                  
00000172  TA0CCR0                 
00000174  TA0CCR1                 
00000176  TA0CCR2                 
00000162  TA0CCTL0                
00000164  TA0CCTL1                
00000166  TA0CCTL2                
00000160  TA0CTL                  
0000012e  TA0IV                   
00000170  TA0R                    
00000192  TA1CCR0                 
00000194  TA1CCR1                 
00000196  TA1CCR2                 
00000182  TA1CCTL0                
00000184  TA1CCTL1                
00000186  TA1CCTL2                
00000180  TA1CTL                  
0000011e  TA1IV                   
00000190  TA1R                    
000010db  TLV_ADC10_1_LEN         
000010da  TLV_ADC10_1_TAG         
000010c0  TLV_CHECKSUM            
000010f7  TLV_DCO_30_LEN          
000010f6  TLV_DCO_30_TAG          
0000fbb4  Timer_A                 
0000f9c8  Timer_A0                
0000005d  UCA0ABCTL               
00000062  UCA0BR0                 
00000063  UCA0BR1                 
00000060  UCA0CTL0                
00000061  UCA0CTL1                
0000005f  UCA0IRRCTL              
0000005e  UCA0IRTCTL              
00000064  UCA0MCTL                
00000066  UCA0RXBUF               
00000065  UCA0STAT                
00000067  UCA0TXBUF               
0000006a  UCB0BR0                 
0000006b  UCB0BR1                 
00000068  UCB0CTL0                
00000069  UCB0CTL1                
0000006c  UCB0I2CIE               
00000118  UCB0I2COA               
0000011a  UCB0I2CSA               
0000006e  UCB0RXBUF               
0000006d  UCB0STAT                
0000006f  UCB0TXBUF               
00000120  WDTCTL                  
00000400  __STACK_END             
00000050  __STACK_SIZE            
UNDEFED   __TI_BINIT_Base         
UNDEFED   __TI_BINIT_Limit        
0000feae  __TI_CINIT_Base         
0000feb6  __TI_CINIT_Limit        
0000feaa  __TI_Handler_Table_Base 
0000feae  __TI_Handler_Table_Limit
UNDEFED   __TI_INITARRAY_Base     
UNDEFED   __TI_INITARRAY_Limit    
0000fd2e  __TI_ISR_TRAP           
0000fc86  __TI_decompress_none    
0000fd3c  __TI_decompress_rle24   
0000d05c  __TI_frcaddd            
0000c000  __TI_frcdivd            
0000c812  __TI_frcmpyd            
0000ffe0  __TI_int00              
0000ffe4  __TI_int02              
0000ffe6  __TI_int03              
0000ffea  __TI_int05              
0000ffec  __TI_int06              
0000ffee  __TI_int07              
0000fff0  __TI_int08              
0000fff2  __TI_int09              
0000fff4  __TI_int10              
0000fff6  __TI_int11              
0000fff8  __TI_int12              
0000fffa  __TI_int13              
0000fffc  __TI_int14              
ffffffff  __TI_pprof_out_hndl     
0000dbd6  __TI_printfi            
ffffffff  __TI_prof_data_size     
ffffffff  __TI_prof_data_start    
0000ee18  __TI_renormd            
ffffffff  __c_args__              
0000cb06  __mspabi_addd           
0000ec6c  __mspabi_cmpd           
0000f412  __mspabi_cvtfd          
0000d99e  __mspabi_divd           
0000f0de  __mspabi_divf           
0000f8ce  __mspabi_divli          
0000fc36  __mspabi_divu           
0000f67e  __mspabi_divul          
0000c48e  __mspabi_divull         
0000fb42  __mspabi_fixdi          
0000f484  __mspabi_fixdli         
0000fd0c  __mspabi_fltid          
0000ef86  __mspabi_fltlid         
0000fb90  __mspabi_fltuf          
0000fcfa  __mspabi_func_epilog_1  
0000fcf8  __mspabi_func_epilog_2  
0000fcf6  __mspabi_func_epilog_3  
0000fcf4  __mspabi_func_epilog_4  
0000fcf2  __mspabi_func_epilog_5  
0000fcf0  __mspabi_func_epilog_6  
0000fcee  __mspabi_func_epilog_7  
0000cdee  __mspabi_mpyd           
0000fc60  __mspabi_mpyi           
0000fc60  __mspabi_mpyi_sw        
0000fb6a  __mspabi_mpyl           
0000fb6a  __mspabi_mpyl_sw        
0000fb18  __mspabi_negd           
0000f8ce  __mspabi_remli          
0000fc36  __mspabi_remu           
0000f67e  __mspabi_remul          
0000faec  __mspabi_slli           
0000fb14  __mspabi_slli_1         
0000fb02  __mspabi_slli_10        
0000fb00  __mspabi_slli_11        
0000fafe  __mspabi_slli_12        
0000fafc  __mspabi_slli_13        
0000fafa  __mspabi_slli_14        
0000faf8  __mspabi_slli_15        
0000fb12  __mspabi_slli_2         
0000fb10  __mspabi_slli_3         
0000fb0e  __mspabi_slli_4         
0000fb0c  __mspabi_slli_5         
0000fb0a  __mspabi_slli_6         
0000fb08  __mspabi_slli_7         
0000fb06  __mspabi_slli_8         
0000fb04  __mspabi_slli_9         
0000fcde  __mspabi_slll           
0000f984  __mspabi_slll_1         
0000f960  __mspabi_slll_10        
0000f95c  __mspabi_slll_11        
0000f958  __mspabi_slll_12        
0000f954  __mspabi_slll_13        
0000f950  __mspabi_slll_14        
0000f94c  __mspabi_slll_15        
0000f980  __mspabi_slll_2         
0000f97c  __mspabi_slll_3         
0000f978  __mspabi_slll_4         
0000f974  __mspabi_slll_5         
0000f970  __mspabi_slll_6         
0000f96c  __mspabi_slll_7         
0000f968  __mspabi_slll_8         
0000f964  __mspabi_slll_9         
0000f84c  __mspabi_sllll          
0000fac0  __mspabi_srai           
0000fae8  __mspabi_srai_1         
0000fad6  __mspabi_srai_10        
0000fad4  __mspabi_srai_11        
0000fad2  __mspabi_srai_12        
0000fad0  __mspabi_srai_13        
0000face  __mspabi_srai_14        
0000facc  __mspabi_srai_15        
0000fae6  __mspabi_srai_2         
0000fae4  __mspabi_srai_3         
0000fae2  __mspabi_srai_4         
0000fae0  __mspabi_srai_5         
0000fade  __mspabi_srai_6         
0000fadc  __mspabi_srai_7         
0000fada  __mspabi_srai_8         
0000fad8  __mspabi_srai_9         
0000fcce  __mspabi_sral           
0000f946  __mspabi_sral_1         
0000f922  __mspabi_sral_10        
0000f91e  __mspabi_sral_11        
0000f91a  __mspabi_sral_12        
0000f916  __mspabi_sral_13        
0000f912  __mspabi_sral_14        
0000f90e  __mspabi_sral_15        
0000f942  __mspabi_sral_2         
0000f93e  __mspabi_sral_3         
0000f93a  __mspabi_sral_4         
0000f936  __mspabi_sral_5         
0000f932  __mspabi_sral_6         
0000f92e  __mspabi_sral_7         
0000f92a  __mspabi_sral_8         
0000f926  __mspabi_sral_9         
0000f776  __mspabi_srli           
0000f7bc  __mspabi_srli_1         
0000f798  __mspabi_srli_10        
0000f794  __mspabi_srli_11        
0000f790  __mspabi_srli_12        
0000f78c  __mspabi_srli_13        
0000f788  __mspabi_srli_14        
0000f784  __mspabi_srli_15        
0000f7b8  __mspabi_srli_2         
0000f7b4  __mspabi_srli_3         
0000f7b0  __mspabi_srli_4         
0000f7ac  __mspabi_srli_5         
0000f7a8  __mspabi_srli_6         
0000f7a4  __mspabi_srli_7         
0000f7a0  __mspabi_srli_8         
0000f79c  __mspabi_srli_9         
0000fcaa  __mspabi_srll           
0000f61c  __mspabi_srll_1         
0000f5e6  __mspabi_srll_10        
0000f5e0  __mspabi_srll_11        
0000f5da  __mspabi_srll_12        
0000f5d4  __mspabi_srll_13        
0000f5ce  __mspabi_srll_14        
0000f5c8  __mspabi_srll_15        
0000f616  __mspabi_srll_2         
0000f610  __mspabi_srll_3         
0000f60a  __mspabi_srll_4         
0000f604  __mspabi_srll_5         
0000f5fe  __mspabi_srll_6         
0000f5f8  __mspabi_srll_7         
0000f5f2  __mspabi_srll_8         
0000f5ec  __mspabi_srll_9         
0000f808  __mspabi_srlll          
0000fa38  __mspabi_subd           
0000f4f6  _auto_init              
0000fbce  _c_int00_noargs_noexit  
0000fd48  _ctypes_                
0000fffe  _reset_vector           
000003b0  _stack                  
0000fd46  _system_post_cinit      
0000fd42  _system_pre_init        
0000fd36  abort                   
0000fd24  abs                     
00000214  again                   
0000f6d6  atoi                    
0000f624  copy_in                 
0000fa66  copysign                
0000fa66  copysignl               
00000216  diff                    
0000fc98  display_line            
0000021c  errno                   
0000eed6  frexp                   
0000eed6  frexpl                  
0000f88e  lcd_cmd                 
0000f98a  lcd_cmd_fast            
0000f7c2  lcd_data                
0000fa94  lcd_init                
0000f39c  lcd_reset               
0000e384  ldexp                   
0000e384  ldexpl                  
0000f29e  ltoa                    
0000ed48  main                    
0000fc02  memccpy                 
0000fcbc  memcpy                  
0000fc4c  memset                  
00000218  of                      
0000e384  scalbn                  
0000e384  scalbnl                 
0000fa00  sprintf                 
0000fc1c  strchr                  
0000fcfe  strlen                  
00000210  tdms                    
0000021a  temp                    
0000fd18  toupper                 
00000200  value                   


GLOBAL SYMBOLS: SORTED BY Symbol Address 

address   name                    
-------   ----                    
00000000  IE1                     
00000001  IE2                     
00000002  IFG1                    
00000003  IFG2                    
00000010  P3REN                   
00000018  P3IN                    
00000019  P3OUT                   
0000001a  P3DIR                   
0000001b  P3SEL                   
00000020  P1IN                    
00000021  P1OUT                   
00000022  P1DIR                   
00000023  P1IFG                   
00000024  P1IES                   
00000025  P1IE                    
00000026  P1SEL                   
00000027  P1REN                   
00000028  P2IN                    
00000029  P2OUT                   
0000002a  P2DIR                   
0000002b  P2IFG                   
0000002c  P2IES                   
0000002d  P2IE                    
0000002e  P2SEL                   
0000002f  P2REN                   
00000041  P1SEL2                  
00000042  P2SEL2                  
00000043  P3SEL2                  
00000048  ADC10DTC0               
00000049  ADC10DTC1               
0000004a  ADC10AE0                
00000050  __STACK_SIZE            
00000053  BCSCTL3                 
00000056  DCOCTL                  
00000057  BCSCTL1                 
00000058  BCSCTL2                 
00000059  CACTL1                  
0000005a  CACTL2                  
0000005b  CAPD                    
0000005d  UCA0ABCTL               
0000005e  UCA0IRTCTL              
0000005f  UCA0IRRCTL              
00000060  UCA0CTL0                
00000061  UCA0CTL1                
00000062  UCA0BR0                 
00000063  UCA0BR1                 
00000064  UCA0MCTL                
00000065  UCA0STAT                
00000066  UCA0RXBUF               
00000067  UCA0TXBUF               
00000068  UCB0CTL0                
00000069  UCB0CTL1                
0000006a  UCB0BR0                 
0000006b  UCB0BR1                 
0000006c  UCB0I2CIE               
0000006d  UCB0STAT                
0000006e  UCB0RXBUF               
0000006f  UCB0TXBUF               
00000118  UCB0I2COA               
0000011a  UCB0I2CSA               
0000011e  TA1IV                   
00000120  WDTCTL                  
00000128  FCTL1                   
0000012a  FCTL2                   
0000012c  FCTL3                   
0000012e  TA0IV                   
00000160  TA0CTL                  
00000162  TA0CCTL0                
00000164  TA0CCTL1                
00000166  TA0CCTL2                
00000170  TA0R                    
00000172  TA0CCR0                 
00000174  TA0CCR1                 
00000176  TA0CCR2                 
00000180  TA1CTL                  
00000182  TA1CCTL0                
00000184  TA1CCTL1                
00000186  TA1CCTL2                
00000190  TA1R                    
00000192  TA1CCR0                 
00000194  TA1CCR1                 
00000196  TA1CCR2                 
000001b0  ADC10CTL0               
000001b2  ADC10CTL1               
000001b4  ADC10MEM                
000001bc  ADC10SA                 
00000200  value                   
00000210  tdms                    
00000214  again                   
00000216  diff                    
00000218  of                      
0000021a  temp                    
0000021c  errno                   
000003b0  _stack                  
00000400  __STACK_END             
000010c0  TLV_CHECKSUM            
000010da  TLV_ADC10_1_TAG         
000010db  TLV_ADC10_1_LEN         
000010f6  TLV_DCO_30_TAG          
000010f7  TLV_DCO_30_LEN          
000010f8  CALDCO_16MHZ            
000010f9  CALBC1_16MHZ            
000010fa  CALDCO_12MHZ            
000010fb  CALBC1_12MHZ            
000010fc  CALDCO_8MHZ             
000010fd  CALBC1_8MHZ             
000010fe  CALDCO_1MHZ             
000010ff  CALBC1_1MHZ             
0000c000  __TI_frcdivd            
0000c48e  __mspabi_divull         
0000c812  __TI_frcmpyd            
0000cb06  __mspabi_addd           
0000cdee  __mspabi_mpyd           
0000d05c  __TI_frcaddd            
0000d99e  __mspabi_divd           
0000dbd6  __TI_printfi            
0000e384  ldexp                   
0000e384  ldexpl                  
0000e384  scalbn                  
0000e384  scalbnl                 
0000ec6c  __mspabi_cmpd           
0000ed48  main                    
0000ee18  __TI_renormd            
0000eed6  frexp                   
0000eed6  frexpl                  
0000ef86  __mspabi_fltlid         
0000f0de  __mspabi_divf           
0000f29e  ltoa                    
0000f39c  lcd_reset               
0000f412  __mspabi_cvtfd          
0000f484  __mspabi_fixdli         
0000f4f6  _auto_init              
0000f5c8  __mspabi_srll_15        
0000f5ce  __mspabi_srll_14        
0000f5d4  __mspabi_srll_13        
0000f5da  __mspabi_srll_12        
0000f5e0  __mspabi_srll_11        
0000f5e6  __mspabi_srll_10        
0000f5ec  __mspabi_srll_9         
0000f5f2  __mspabi_srll_8         
0000f5f8  __mspabi_srll_7         
0000f5fe  __mspabi_srll_6         
0000f604  __mspabi_srll_5         
0000f60a  __mspabi_srll_4         
0000f610  __mspabi_srll_3         
0000f616  __mspabi_srll_2         
0000f61c  __mspabi_srll_1         
0000f624  copy_in                 
0000f67e  __mspabi_divul          
0000f67e  __mspabi_remul          
0000f6d6  atoi                    
0000f776  __mspabi_srli           
0000f784  __mspabi_srli_15        
0000f788  __mspabi_srli_14        
0000f78c  __mspabi_srli_13        
0000f790  __mspabi_srli_12        
0000f794  __mspabi_srli_11        
0000f798  __mspabi_srli_10        
0000f79c  __mspabi_srli_9         
0000f7a0  __mspabi_srli_8         
0000f7a4  __mspabi_srli_7         
0000f7a8  __mspabi_srli_6         
0000f7ac  __mspabi_srli_5         
0000f7b0  __mspabi_srli_4         
0000f7b4  __mspabi_srli_3         
0000f7b8  __mspabi_srli_2         
0000f7bc  __mspabi_srli_1         
0000f7c2  lcd_data                
0000f808  __mspabi_srlll          
0000f84c  __mspabi_sllll          
0000f88e  lcd_cmd                 
0000f8ce  __mspabi_divli          
0000f8ce  __mspabi_remli          
0000f90e  __mspabi_sral_15        
0000f912  __mspabi_sral_14        
0000f916  __mspabi_sral_13        
0000f91a  __mspabi_sral_12        
0000f91e  __mspabi_sral_11        
0000f922  __mspabi_sral_10        
0000f926  __mspabi_sral_9         
0000f92a  __mspabi_sral_8         
0000f92e  __mspabi_sral_7         
0000f932  __mspabi_sral_6         
0000f936  __mspabi_sral_5         
0000f93a  __mspabi_sral_4         
0000f93e  __mspabi_sral_3         
0000f942  __mspabi_sral_2         
0000f946  __mspabi_sral_1         
0000f94c  __mspabi_slll_15        
0000f950  __mspabi_slll_14        
0000f954  __mspabi_slll_13        
0000f958  __mspabi_slll_12        
0000f95c  __mspabi_slll_11        
0000f960  __mspabi_slll_10        
0000f964  __mspabi_slll_9         
0000f968  __mspabi_slll_8         
0000f96c  __mspabi_slll_7         
0000f970  __mspabi_slll_6         
0000f974  __mspabi_slll_5         
0000f978  __mspabi_slll_4         
0000f97c  __mspabi_slll_3         
0000f980  __mspabi_slll_2         
0000f984  __mspabi_slll_1         
0000f98a  lcd_cmd_fast            
0000f9c8  Timer_A0                
0000fa00  sprintf                 
0000fa38  __mspabi_subd           
0000fa66  copysign                
0000fa66  copysignl               
0000fa94  lcd_init                
0000fac0  __mspabi_srai           
0000facc  __mspabi_srai_15        
0000face  __mspabi_srai_14        
0000fad0  __mspabi_srai_13        
0000fad2  __mspabi_srai_12        
0000fad4  __mspabi_srai_11        
0000fad6  __mspabi_srai_10        
0000fad8  __mspabi_srai_9         
0000fada  __mspabi_srai_8         
0000fadc  __mspabi_srai_7         
0000fade  __mspabi_srai_6         
0000fae0  __mspabi_srai_5         
0000fae2  __mspabi_srai_4         
0000fae4  __mspabi_srai_3         
0000fae6  __mspabi_srai_2         
0000fae8  __mspabi_srai_1         
0000faec  __mspabi_slli           
0000faf8  __mspabi_slli_15        
0000fafa  __mspabi_slli_14        
0000fafc  __mspabi_slli_13        
0000fafe  __mspabi_slli_12        
0000fb00  __mspabi_slli_11        
0000fb02  __mspabi_slli_10        
0000fb04  __mspabi_slli_9         
0000fb06  __mspabi_slli_8         
0000fb08  __mspabi_slli_7         
0000fb0a  __mspabi_slli_6         
0000fb0c  __mspabi_slli_5         
0000fb0e  __mspabi_slli_4         
0000fb10  __mspabi_slli_3         
0000fb12  __mspabi_slli_2         
0000fb14  __mspabi_slli_1         
0000fb18  __mspabi_negd           
0000fb42  __mspabi_fixdi          
0000fb6a  __mspabi_mpyl           
0000fb6a  __mspabi_mpyl_sw        
0000fb90  __mspabi_fltuf          
0000fbb4  Timer_A                 
0000fbce  _c_int00_noargs_noexit  
0000fc02  memccpy                 
0000fc1c  strchr                  
0000fc36  __mspabi_divu           
0000fc36  __mspabi_remu           
0000fc4c  memset                  
0000fc60  __mspabi_mpyi           
0000fc60  __mspabi_mpyi_sw        
0000fc86  __TI_decompress_none    
0000fc98  display_line            
0000fcaa  __mspabi_srll           
0000fcbc  memcpy                  
0000fcce  __mspabi_sral           
0000fcde  __mspabi_slll           
0000fcee  __mspabi_func_epilog_7  
0000fcf0  __mspabi_func_epilog_6  
0000fcf2  __mspabi_func_epilog_5  
0000fcf4  __mspabi_func_epilog_4  
0000fcf6  __mspabi_func_epilog_3  
0000fcf8  __mspabi_func_epilog_2  
0000fcfa  __mspabi_func_epilog_1  
0000fcfe  strlen                  
0000fd0c  __mspabi_fltid          
0000fd18  toupper                 
0000fd24  abs                     
0000fd2e  __TI_ISR_TRAP           
0000fd36  C$$EXIT                 
0000fd36  abort                   
0000fd3c  __TI_decompress_rle24   
0000fd42  _system_pre_init        
0000fd46  _system_post_cinit      
0000fd48  _ctypes_                
0000feaa  __TI_Handler_Table_Base 
0000feae  __TI_CINIT_Base         
0000feae  __TI_Handler_Table_Limit
0000feb6  __TI_CINIT_Limit        
0000ffe0  __TI_int00              
0000ffe4  __TI_int02              
0000ffe6  __TI_int03              
0000ffea  __TI_int05              
0000ffec  __TI_int06              
0000ffee  __TI_int07              
0000fff0  __TI_int08              
0000fff2  __TI_int09              
0000fff4  __TI_int10              
0000fff6  __TI_int11              
0000fff8  __TI_int12              
0000fffa  __TI_int13              
0000fffc  __TI_int14              
0000fffe  _reset_vector           
ffffffff  __TI_pprof_out_hndl     
ffffffff  __TI_prof_data_size     
ffffffff  __TI_prof_data_start    
ffffffff  __c_args__              
UNDEFED   __TI_BINIT_Base         
UNDEFED   __TI_BINIT_Limit        
UNDEFED   __TI_INITARRAY_Base     
UNDEFED   __TI_INITARRAY_Limit    

[306 symbols]
