******************************************************************************
                  MSP430 Linker PC v15.12.3                    
******************************************************************************
>> Linked Fri Apr 20 15:31:25 2018

OUTPUT FILE NAME:   <capture servo.out>
ENTRY POINT SYMBOL: "_c_int00_noargs_noexit"  address: 0000d526


MEMORY CONFIGURATION

         name            origin    length      used     unused   attr    fill
----------------------  --------  ---------  --------  --------  ----  --------
  SFR                   00000000   00000010  00000000  00000010  RWIX
  PERIPHERALS_8BIT      00000010   000000f0  00000000  000000f0  RWIX
  PERIPHERALS_16BIT     00000100   00000100  00000000  00000100  RWIX
  RAM                   00000200   00000200  0000006a  00000196  RWIX
  INFOD                 00001000   00000040  00000000  00000040  RWIX
  INFOC                 00001040   00000040  00000000  00000040  RWIX
  INFOB                 00001080   00000040  00000000  00000040  RWIX
  INFOA                 000010c0   00000040  00000000  00000040  RWIX
  FLASH                 0000c000   00003fe0  0000169e  00002942  RWIX
  INT00                 0000ffe0   00000002  00000002  00000000  RWIX
  INT01                 0000ffe2   00000002  00000000  00000002  RWIX
  INT02                 0000ffe4   00000002  00000002  00000000  RWIX
  INT03                 0000ffe6   00000002  00000002  00000000  RWIX
  INT04                 0000ffe8   00000002  00000000  00000002  RWIX
  INT05                 0000ffea   00000002  00000002  00000000  RWIX
  INT06                 0000ffec   00000002  00000002  00000000  RWIX
  INT07                 0000ffee   00000002  00000002  00000000  RWIX
  INT08                 0000fff0   00000002  00000002  00000000  RWIX
  INT09                 0000fff2   00000002  00000002  00000000  RWIX
  INT10                 0000fff4   00000002  00000002  00000000  RWIX
  INT11                 0000fff6   00000002  00000002  00000000  RWIX
  INT12                 0000fff8   00000002  00000002  00000000  RWIX
  INT13                 0000fffa   00000002  00000002  00000000  RWIX
  INT14                 0000fffc   00000002  00000002  00000000  RWIX
  RESET                 0000fffe   00000002  00000002  00000000  RWIX


SECTION ALLOCATION MAP

 output                                  attributes/
section   page    origin      length       input sections
--------  ----  ----------  ----------   ----------------
.bss       0    00000200    0000001a     UNINITIALIZED
                  00000200    00000010     (.common:value)
                  00000210    00000002     (.common:again)
                  00000212    00000002     (.common:diff)
                  00000214    00000002     (.common:of)
                  00000216    00000002     (.common:tdms)
                  00000218    00000002     (.common:temp)

.stack     0    000003b0    00000050     UNINITIALIZED
                  000003b0    00000002     rts430_eabi.lib : boot.obj (.stack)
                  000003b2    0000004e     --HOLE--

.text      0    0000c000    00001658     
                  0000c000    0000048e     rts430_eabi.lib : frcdivd.obj (.text:__TI_frcdivd)
                  0000c48e    000002f4                     : frcmpyd.obj (.text:__TI_frcmpyd)
                  0000c782    0000026e                     : mpyd.obj (.text:__mspabi_mpyd)
                  0000c9f0    00000238                     : divd.obj (.text:__mspabi_divd)
                  0000cc28    00000116                     : _printfi_min.obj (.text:_setfield)
                  0000cd3e    000000e6                     : _printfi_min.obj (.text:__TI_printfi_minimal)
                  0000ce24    000000e2     main.obj (.text:main)
                  0000cf06    000000c8     rts430_eabi.lib : _printfi_min.obj (.text:_pproc_diouxp)
                  0000cfce    0000008a                     : fltuld.obj (.text:__mspabi_fltuld)
                  0000d058    00000076     main.obj (.text:lcd_reset)
                  0000d0ce    00000074     rts430_eabi.lib : fixdul.obj (.text:__mspabi_fixdul)
                  0000d142    0000006e                     : autoinit.obj (.text:_auto_init)
                  0000d1b0    0000005c                     : lsr32.obj (.text:l_lsr_const)
                  0000d20c    0000005a                     : cpy_tbl.obj (.text:copy_in)
                  0000d266    0000004c                     : lsr16.obj (.text)
                  0000d2b2    00000046     main.obj (.text:lcd_data)
                  0000d2f8    00000040     main.obj (.text:lcd_cmd)
                  0000d338    0000003e     rts430_eabi.lib : asr32.obj (.text:l_asr_const)
                  0000d376    0000003e                     : lsl32.obj (.text:l_lsl_const)
                  0000d3b4    0000003e     main.obj (.text:lcd_cmd_fast)
                  0000d3f2    00000038     main.obj (.text:Timer_A0)
                  0000d42a    00000038     rts430_eabi.lib : sprintf.obj (.text:sprintf)
                  0000d462    0000002c     main.obj (.text:lcd_init)
                  0000d48e    0000002c     rts430_eabi.lib : asr16.obj (.text)
                  0000d4ba    0000002c                     : lsl16.obj (.text)
                  0000d4e6    00000026                     : mult32.obj (.text)
                  0000d50c    0000001a     main.obj (.text:Timer_A)
                  0000d526    0000001a     rts430_eabi.lib : boot_special.obj (.text:_c_int00_noargs_noexit)
                  0000d540    0000001a                     : sprintf.obj (.text:_outs)
                  0000d55a    0000001a                     : memccpy.obj (.text:memccpy)
                  0000d574    00000016                     : div16u.obj (.text)
                  0000d58a    00000014                     : copy_zero_init.obj (.text:decompress:ZI:__TI_zero_init)
                  0000d59e    00000014                     : memset.obj (.text:memset)
                  0000d5b2    00000014                     : mult16.obj (.text)
                  0000d5c6    00000012                     : fixdu.obj (.text:__mspabi_fixdu)
                  0000d5d8    00000012                     : sprintf.obj (.text:_outc)
                  0000d5ea    00000012     main.obj (.text:display_line)
                  0000d5fc    00000012     rts430_eabi.lib : lsr32.obj (.text:l_lsr)
                  0000d60e    00000012                     : memcpy.obj (.text:memcpy)
                  0000d620    00000010                     : epilog.obj (.text)
                  0000d630    0000000e                     : strlen.obj (.text:strlen)
                  0000d63e    00000008                     : isr_trap.obj (.text:_isr:__TI_ISR_TRAP)
                  0000d646    00000006                     : fltud.obj (.text:__mspabi_fltud)
                  0000d64c    00000006                     : exit.obj (.text:abort)
                  0000d652    00000004                     : pre_init.obj (.text:_system_pre_init)
                  0000d656    00000002                     : startup.obj (.text:_system_post_cinit)

.const     0    0000d658    0000003c     
                  0000d658    00000028     main.obj (.const:.string)
                  0000d680    00000014     rts430_eabi.lib : _printfi_min.obj (.const:.string)

.cinit     0    0000d694    0000000a     
                  0000d694    00000004     (.cinit..bss.load) [load image, compression = zero_init]
                  0000d698    00000002     (__TI_handler_table)
                  0000d69a    00000004     (__TI_cinit_table)

.init_array 
*          0    0000c000    00000000     UNINITIALIZED

TRAPINT    0    0000ffe0    00000002     
                  0000ffe0    00000002     rts430_eabi.lib : int00.obj (.int00)

PORT1      0    0000ffe4    00000002     
                  0000ffe4    00000002     rts430_eabi.lib : int02.obj (.int02)

PORT2      0    0000ffe6    00000002     
                  0000ffe6    00000002     rts430_eabi.lib : int03.obj (.int03)

ADC10      0    0000ffea    00000002     
                  0000ffea    00000002     rts430_eabi.lib : int05.obj (.int05)

USCIAB0TX 
*          0    0000ffec    00000002     
                  0000ffec    00000002     rts430_eabi.lib : int06.obj (.int06)

USCIAB0RX 
*          0    0000ffee    00000002     
                  0000ffee    00000002     rts430_eabi.lib : int07.obj (.int07)

TIMER0_A1 
*          0    0000fff0    00000002     
                  0000fff0    00000002     main.obj (.int08)

TIMER0_A0 
*          0    0000fff2    00000002     
                  0000fff2    00000002     main.obj (.int09)

WDT        0    0000fff4    00000002     
                  0000fff4    00000002     rts430_eabi.lib : int10.obj (.int10)

COMPARATORA 
*          0    0000fff6    00000002     
                  0000fff6    00000002     rts430_eabi.lib : int11.obj (.int11)

TIMER1_A1 
*          0    0000fff8    00000002     
                  0000fff8    00000002     rts430_eabi.lib : int12.obj (.int12)

TIMER1_A0 
*          0    0000fffa    00000002     
                  0000fffa    00000002     rts430_eabi.lib : int13.obj (.int13)

NMI        0    0000fffc    00000002     
                  0000fffc    00000002     rts430_eabi.lib : int14.obj (.int14)

.reset     0    0000fffe    00000002     
                  0000fffe    00000002     rts430_eabi.lib : boot.obj (.reset)

MODULE SUMMARY

       Module               code   ro data   rw data
       ------               ----   -------   -------
    .\
       main.obj             684    44        26     
    +--+--------------------+------+---------+---------+
       Total:               684    44        26     
                                                    
    C:\ti\ccsv6\tools\compiler\msp430_15.12.3.LTS\lib\rts430_eabi.lib
       frcdivd.obj          1166   0         0      
       frcmpyd.obj          756    0         0      
       _printfi_min.obj     708    20        0      
       mpyd.obj             622    0         0      
       divd.obj             568    0         0      
       fltuld.obj           138    0         0      
       fixdul.obj           116    0         0      
       autoinit.obj         110    0         0      
       lsr32.obj            110    0         0      
       sprintf.obj          100    0         0      
       cpy_tbl.obj          90     0         0      
       lsr16.obj            76     0         0      
       asr32.obj            62     0         0      
       lsl32.obj            62     0         0      
       asr16.obj            44     0         0      
       lsl16.obj            44     0         0      
       mult32.obj           38     0         0      
       boot_special.obj     26     0         0      
       memccpy.obj          26     0         0      
       div16u.obj           22     0         0      
       copy_zero_init.obj   20     0         0      
       memset.obj           20     0         0      
       mult16.obj           20     0         0      
       fixdu.obj            18     0         0      
       memcpy.obj           18     0         0      
       epilog.obj           16     0         0      
       strlen.obj           14     0         0      
       isr_trap.obj         8      0         0      
       exit.obj             6      0         0      
       fltud.obj            6      0         0      
       pre_init.obj         4      0         0      
       boot.obj             0      2         0      
       int00.obj            0      2         0      
       int02.obj            0      2         0      
       int03.obj            0      2         0      
       int05.obj            0      2         0      
       int06.obj            0      2         0      
       int07.obj            0      2         0      
       int10.obj            0      2         0      
       int11.obj            0      2         0      
       int12.obj            0      2         0      
       int13.obj            0      2         0      
       int14.obj            0      2         0      
       startup.obj          2      0         0      
    +--+--------------------+------+---------+---------+
       Total:               5036   44        0      
                                                    
       Stack:               0      0         80     
       Linker Generated:    0      10        0      
    +--+--------------------+------+---------+---------+
       Grand Total:         5720   98        106    


LINKER GENERATED COPY TABLES

__TI_cinit_table @ 0000d69a records: 1, size/record: 4, table size: 4
	.bss: load addr=0000d694, load size=00000004 bytes, run addr=00000200, run size=0000001a bytes, compression=zero_init


LINKER GENERATED HANDLER TABLE

__TI_handler_table @ 0000d698 records: 1, size/record: 2, table size: 2
	index: 0, handler: __TI_zero_init


GLOBAL SYMBOLS: SORTED ALPHABETICALLY BY Name 

address   name                    
-------   ----                    
0000004a  ADC10AE0                
000001b0  ADC10CTL0               
000001b2  ADC10CTL1               
00000048  ADC10DTC0               
00000049  ADC10DTC1               
000001b4  ADC10MEM                
000001bc  ADC10SA                 
00000057  BCSCTL1                 
00000058  BCSCTL2                 
00000053  BCSCTL3                 
0000d64c  C$$EXIT                 
00000059  CACTL1                  
0000005a  CACTL2                  
000010fb  CALBC1_12MHZ            
000010f9  CALBC1_16MHZ            
000010ff  CALBC1_1MHZ             
000010fd  CALBC1_8MHZ             
000010fa  CALDCO_12MHZ            
000010f8  CALDCO_16MHZ            
000010fe  CALDCO_1MHZ             
000010fc  CALDCO_8MHZ             
0000005b  CAPD                    
00000056  DCOCTL                  
00000128  FCTL1                   
0000012a  FCTL2                   
0000012c  FCTL3                   
00000000  IE1                     
00000001  IE2                     
00000002  IFG1                    
00000003  IFG2                    
00000022  P1DIR                   
00000025  P1IE                    
00000024  P1IES                   
00000023  P1IFG                   
00000020  P1IN                    
00000021  P1OUT                   
00000027  P1REN                   
00000026  P1SEL                   
00000041  P1SEL2                  
0000002a  P2DIR                   
0000002d  P2IE                    
0000002c  P2IES                   
0000002b  P2IFG                   
00000028  P2IN                    
00000029  P2OUT                   
0000002f  P2REN                   
0000002e  P2SEL                   
00000042  P2SEL2                  
0000001a  P3DIR                   
00000018  P3IN                    
00000019  P3OUT                   
00000010  P3REN                   
0000001b  P3SEL                   
00000043  P3SEL2                  
00000172  TA0CCR0                 
00000174  TA0CCR1                 
00000176  TA0CCR2                 
00000162  TA0CCTL0                
00000164  TA0CCTL1                
00000166  TA0CCTL2                
00000160  TA0CTL                  
0000012e  TA0IV                   
00000170  TA0R                    
00000192  TA1CCR0                 
00000194  TA1CCR1                 
00000196  TA1CCR2                 
00000182  TA1CCTL0                
00000184  TA1CCTL1                
00000186  TA1CCTL2                
00000180  TA1CTL                  
0000011e  TA1IV                   
00000190  TA1R                    
000010db  TLV_ADC10_1_LEN         
000010da  TLV_ADC10_1_TAG         
000010c0  TLV_CHECKSUM            
000010f7  TLV_DCO_30_LEN          
000010f6  TLV_DCO_30_TAG          
0000d50c  Timer_A                 
0000d3f2  Timer_A0                
0000005d  UCA0ABCTL               
00000062  UCA0BR0                 
00000063  UCA0BR1                 
00000060  UCA0CTL0                
00000061  UCA0CTL1                
0000005f  UCA0IRRCTL              
0000005e  UCA0IRTCTL              
00000064  UCA0MCTL                
00000066  UCA0RXBUF               
00000065  UCA0STAT                
00000067  UCA0TXBUF               
0000006a  UCB0BR0                 
0000006b  UCB0BR1                 
00000068  UCB0CTL0                
00000069  UCB0CTL1                
0000006c  UCB0I2CIE               
00000118  UCB0I2COA               
0000011a  UCB0I2CSA               
0000006e  UCB0RXBUF               
0000006d  UCB0STAT                
0000006f  UCB0TXBUF               
00000120  WDTCTL                  
00000400  __STACK_END             
00000050  __STACK_SIZE            
UNDEFED   __TI_BINIT_Base         
UNDEFED   __TI_BINIT_Limit        
0000d69a  __TI_CINIT_Base         
0000d69e  __TI_CINIT_Limit        
0000d698  __TI_Handler_Table_Base 
0000d69a  __TI_Handler_Table_Limit
UNDEFED   __TI_INITARRAY_Base     
UNDEFED   __TI_INITARRAY_Limit    
0000d63e  __TI_ISR_TRAP           
0000c000  __TI_frcdivd            
0000c48e  __TI_frcmpyd            
0000ffe0  __TI_int00              
0000ffe4  __TI_int02              
0000ffe6  __TI_int03              
0000ffea  __TI_int05              
0000ffec  __TI_int06              
0000ffee  __TI_int07              
0000fff0  __TI_int08              
0000fff2  __TI_int09              
0000fff4  __TI_int10              
0000fff6  __TI_int11              
0000fff8  __TI_int12              
0000fffa  __TI_int13              
0000fffc  __TI_int14              
ffffffff  __TI_pprof_out_hndl     
0000cd3e  __TI_printfi_minimal    
ffffffff  __TI_prof_data_size     
ffffffff  __TI_prof_data_start    
0000d58a  __TI_zero_init          
ffffffff  __c_args__              
0000c9f0  __mspabi_divd           
0000d574  __mspabi_divu           
0000d5c6  __mspabi_fixdu          
0000d0ce  __mspabi_fixdul         
0000d646  __mspabi_fltud          
0000cfce  __mspabi_fltuld         
0000d62c  __mspabi_func_epilog_1  
0000d62a  __mspabi_func_epilog_2  
0000d628  __mspabi_func_epilog_3  
0000d626  __mspabi_func_epilog_4  
0000d624  __mspabi_func_epilog_5  
0000d622  __mspabi_func_epilog_6  
0000d620  __mspabi_func_epilog_7  
0000c782  __mspabi_mpyd           
0000d5b2  __mspabi_mpyi           
0000d5b2  __mspabi_mpyi_sw        
0000d4e6  __mspabi_mpyl           
0000d4e6  __mspabi_mpyl_sw        
0000d574  __mspabi_remu           
0000d4ba  __mspabi_slli           
0000d4e2  __mspabi_slli_1         
0000d4d0  __mspabi_slli_10        
0000d4ce  __mspabi_slli_11        
0000d4cc  __mspabi_slli_12        
0000d4ca  __mspabi_slli_13        
0000d4c8  __mspabi_slli_14        
0000d4c6  __mspabi_slli_15        
0000d4e0  __mspabi_slli_2         
0000d4de  __mspabi_slli_3         
0000d4dc  __mspabi_slli_4         
0000d4da  __mspabi_slli_5         
0000d4d8  __mspabi_slli_6         
0000d4d6  __mspabi_slli_7         
0000d4d4  __mspabi_slli_8         
0000d4d2  __mspabi_slli_9         
0000d3ae  __mspabi_slll_1         
0000d38a  __mspabi_slll_10        
0000d386  __mspabi_slll_11        
0000d382  __mspabi_slll_12        
0000d37e  __mspabi_slll_13        
0000d37a  __mspabi_slll_14        
0000d376  __mspabi_slll_15        
0000d3aa  __mspabi_slll_2         
0000d3a6  __mspabi_slll_3         
0000d3a2  __mspabi_slll_4         
0000d39e  __mspabi_slll_5         
0000d39a  __mspabi_slll_6         
0000d396  __mspabi_slll_7         
0000d392  __mspabi_slll_8         
0000d38e  __mspabi_slll_9         
0000d48e  __mspabi_srai           
0000d4b6  __mspabi_srai_1         
0000d4a4  __mspabi_srai_10        
0000d4a2  __mspabi_srai_11        
0000d4a0  __mspabi_srai_12        
0000d49e  __mspabi_srai_13        
0000d49c  __mspabi_srai_14        
0000d49a  __mspabi_srai_15        
0000d4b4  __mspabi_srai_2         
0000d4b2  __mspabi_srai_3         
0000d4b0  __mspabi_srai_4         
0000d4ae  __mspabi_srai_5         
0000d4ac  __mspabi_srai_6         
0000d4aa  __mspabi_srai_7         
0000d4a8  __mspabi_srai_8         
0000d4a6  __mspabi_srai_9         
0000d370  __mspabi_sral_1         
0000d34c  __mspabi_sral_10        
0000d348  __mspabi_sral_11        
0000d344  __mspabi_sral_12        
0000d340  __mspabi_sral_13        
0000d33c  __mspabi_sral_14        
0000d338  __mspabi_sral_15        
0000d36c  __mspabi_sral_2         
0000d368  __mspabi_sral_3         
0000d364  __mspabi_sral_4         
0000d360  __mspabi_sral_5         
0000d35c  __mspabi_sral_6         
0000d358  __mspabi_sral_7         
0000d354  __mspabi_sral_8         
0000d350  __mspabi_sral_9         
0000d266  __mspabi_srli           
0000d2ac  __mspabi_srli_1         
0000d288  __mspabi_srli_10        
0000d284  __mspabi_srli_11        
0000d280  __mspabi_srli_12        
0000d27c  __mspabi_srli_13        
0000d278  __mspabi_srli_14        
0000d274  __mspabi_srli_15        
0000d2a8  __mspabi_srli_2         
0000d2a4  __mspabi_srli_3         
0000d2a0  __mspabi_srli_4         
0000d29c  __mspabi_srli_5         
0000d298  __mspabi_srli_6         
0000d294  __mspabi_srli_7         
0000d290  __mspabi_srli_8         
0000d28c  __mspabi_srli_9         
0000d5fc  __mspabi_srll           
0000d204  __mspabi_srll_1         
0000d1ce  __mspabi_srll_10        
0000d1c8  __mspabi_srll_11        
0000d1c2  __mspabi_srll_12        
0000d1bc  __mspabi_srll_13        
0000d1b6  __mspabi_srll_14        
0000d1b0  __mspabi_srll_15        
0000d1fe  __mspabi_srll_2         
0000d1f8  __mspabi_srll_3         
0000d1f2  __mspabi_srll_4         
0000d1ec  __mspabi_srll_5         
0000d1e6  __mspabi_srll_6         
0000d1e0  __mspabi_srll_7         
0000d1da  __mspabi_srll_8         
0000d1d4  __mspabi_srll_9         
0000d142  _auto_init              
0000d526  _c_int00_noargs_noexit  
0000fffe  _reset_vector           
000003b0  _stack                  
0000d656  _system_post_cinit      
0000d652  _system_pre_init        
0000d64c  abort                   
00000210  again                   
0000d20c  copy_in                 
00000212  diff                    
0000d5ea  display_line            
0000d2f8  lcd_cmd                 
0000d3b4  lcd_cmd_fast            
0000d2b2  lcd_data                
0000d462  lcd_init                
0000d058  lcd_reset               
0000ce24  main                    
0000d55a  memccpy                 
0000d60e  memcpy                  
0000d59e  memset                  
00000214  of                      
0000d42a  sprintf                 
0000d630  strlen                  
00000216  tdms                    
00000218  temp                    
00000200  value                   


GLOBAL SYMBOLS: SORTED BY Symbol Address 

address   name                    
-------   ----                    
00000000  IE1                     
00000001  IE2                     
00000002  IFG1                    
00000003  IFG2                    
00000010  P3REN                   
00000018  P3IN                    
00000019  P3OUT                   
0000001a  P3DIR                   
0000001b  P3SEL                   
00000020  P1IN                    
00000021  P1OUT                   
00000022  P1DIR                   
00000023  P1IFG                   
00000024  P1IES                   
00000025  P1IE                    
00000026  P1SEL                   
00000027  P1REN                   
00000028  P2IN                    
00000029  P2OUT                   
0000002a  P2DIR                   
0000002b  P2IFG                   
0000002c  P2IES                   
0000002d  P2IE                    
0000002e  P2SEL                   
0000002f  P2REN                   
00000041  P1SEL2                  
00000042  P2SEL2                  
00000043  P3SEL2                  
00000048  ADC10DTC0               
00000049  ADC10DTC1               
0000004a  ADC10AE0                
00000050  __STACK_SIZE            
00000053  BCSCTL3                 
00000056  DCOCTL                  
00000057  BCSCTL1                 
00000058  BCSCTL2                 
00000059  CACTL1                  
0000005a  CACTL2                  
0000005b  CAPD                    
0000005d  UCA0ABCTL               
0000005e  UCA0IRTCTL              
0000005f  UCA0IRRCTL              
00000060  UCA0CTL0                
00000061  UCA0CTL1                
00000062  UCA0BR0                 
00000063  UCA0BR1                 
00000064  UCA0MCTL                
00000065  UCA0STAT                
00000066  UCA0RXBUF               
00000067  UCA0TXBUF               
00000068  UCB0CTL0                
00000069  UCB0CTL1                
0000006a  UCB0BR0                 
0000006b  UCB0BR1                 
0000006c  UCB0I2CIE               
0000006d  UCB0STAT                
0000006e  UCB0RXBUF               
0000006f  UCB0TXBUF               
00000118  UCB0I2COA               
0000011a  UCB0I2CSA               
0000011e  TA1IV                   
00000120  WDTCTL                  
00000128  FCTL1                   
0000012a  FCTL2                   
0000012c  FCTL3                   
0000012e  TA0IV                   
00000160  TA0CTL                  
00000162  TA0CCTL0                
00000164  TA0CCTL1                
00000166  TA0CCTL2                
00000170  TA0R                    
00000172  TA0CCR0                 
00000174  TA0CCR1                 
00000176  TA0CCR2                 
00000180  TA1CTL                  
00000182  TA1CCTL0                
00000184  TA1CCTL1                
00000186  TA1CCTL2                
00000190  TA1R                    
00000192  TA1CCR0                 
00000194  TA1CCR1                 
00000196  TA1CCR2                 
000001b0  ADC10CTL0               
000001b2  ADC10CTL1               
000001b4  ADC10MEM                
000001bc  ADC10SA                 
00000200  value                   
00000210  again                   
00000212  diff                    
00000214  of                      
00000216  tdms                    
00000218  temp                    
000003b0  _stack                  
00000400  __STACK_END             
000010c0  TLV_CHECKSUM            
000010da  TLV_ADC10_1_TAG         
000010db  TLV_ADC10_1_LEN         
000010f6  TLV_DCO_30_TAG          
000010f7  TLV_DCO_30_LEN          
000010f8  CALDCO_16MHZ            
000010f9  CALBC1_16MHZ            
000010fa  CALDCO_12MHZ            
000010fb  CALBC1_12MHZ            
000010fc  CALDCO_8MHZ             
000010fd  CALBC1_8MHZ             
000010fe  CALDCO_1MHZ             
000010ff  CALBC1_1MHZ             
0000c000  __TI_frcdivd            
0000c48e  __TI_frcmpyd            
0000c782  __mspabi_mpyd           
0000c9f0  __mspabi_divd           
0000cd3e  __TI_printfi_minimal    
0000ce24  main                    
0000cfce  __mspabi_fltuld         
0000d058  lcd_reset               
0000d0ce  __mspabi_fixdul         
0000d142  _auto_init              
0000d1b0  __mspabi_srll_15        
0000d1b6  __mspabi_srll_14        
0000d1bc  __mspabi_srll_13        
0000d1c2  __mspabi_srll_12        
0000d1c8  __mspabi_srll_11        
0000d1ce  __mspabi_srll_10        
0000d1d4  __mspabi_srll_9         
0000d1da  __mspabi_srll_8         
0000d1e0  __mspabi_srll_7         
0000d1e6  __mspabi_srll_6         
0000d1ec  __mspabi_srll_5         
0000d1f2  __mspabi_srll_4         
0000d1f8  __mspabi_srll_3         
0000d1fe  __mspabi_srll_2         
0000d204  __mspabi_srll_1         
0000d20c  copy_in                 
0000d266  __mspabi_srli           
0000d274  __mspabi_srli_15        
0000d278  __mspabi_srli_14        
0000d27c  __mspabi_srli_13        
0000d280  __mspabi_srli_12        
0000d284  __mspabi_srli_11        
0000d288  __mspabi_srli_10        
0000d28c  __mspabi_srli_9         
0000d290  __mspabi_srli_8         
0000d294  __mspabi_srli_7         
0000d298  __mspabi_srli_6         
0000d29c  __mspabi_srli_5         
0000d2a0  __mspabi_srli_4         
0000d2a4  __mspabi_srli_3         
0000d2a8  __mspabi_srli_2         
0000d2ac  __mspabi_srli_1         
0000d2b2  lcd_data                
0000d2f8  lcd_cmd                 
0000d338  __mspabi_sral_15        
0000d33c  __mspabi_sral_14        
0000d340  __mspabi_sral_13        
0000d344  __mspabi_sral_12        
0000d348  __mspabi_sral_11        
0000d34c  __mspabi_sral_10        
0000d350  __mspabi_sral_9         
0000d354  __mspabi_sral_8         
0000d358  __mspabi_sral_7         
0000d35c  __mspabi_sral_6         
0000d360  __mspabi_sral_5         
0000d364  __mspabi_sral_4         
0000d368  __mspabi_sral_3         
0000d36c  __mspabi_sral_2         
0000d370  __mspabi_sral_1         
0000d376  __mspabi_slll_15        
0000d37a  __mspabi_slll_14        
0000d37e  __mspabi_slll_13        
0000d382  __mspabi_slll_12        
0000d386  __mspabi_slll_11        
0000d38a  __mspabi_slll_10        
0000d38e  __mspabi_slll_9         
0000d392  __mspabi_slll_8         
0000d396  __mspabi_slll_7         
0000d39a  __mspabi_slll_6         
0000d39e  __mspabi_slll_5         
0000d3a2  __mspabi_slll_4         
0000d3a6  __mspabi_slll_3         
0000d3aa  __mspabi_slll_2         
0000d3ae  __mspabi_slll_1         
0000d3b4  lcd_cmd_fast            
0000d3f2  Timer_A0                
0000d42a  sprintf                 
0000d462  lcd_init                
0000d48e  __mspabi_srai           
0000d49a  __mspabi_srai_15        
0000d49c  __mspabi_srai_14        
0000d49e  __mspabi_srai_13        
0000d4a0  __mspabi_srai_12        
0000d4a2  __mspabi_srai_11        
0000d4a4  __mspabi_srai_10        
0000d4a6  __mspabi_srai_9         
0000d4a8  __mspabi_srai_8         
0000d4aa  __mspabi_srai_7         
0000d4ac  __mspabi_srai_6         
0000d4ae  __mspabi_srai_5         
0000d4b0  __mspabi_srai_4         
0000d4b2  __mspabi_srai_3         
0000d4b4  __mspabi_srai_2         
0000d4b6  __mspabi_srai_1         
0000d4ba  __mspabi_slli           
0000d4c6  __mspabi_slli_15        
0000d4c8  __mspabi_slli_14        
0000d4ca  __mspabi_slli_13        
0000d4cc  __mspabi_slli_12        
0000d4ce  __mspabi_slli_11        
0000d4d0  __mspabi_slli_10        
0000d4d2  __mspabi_slli_9         
0000d4d4  __mspabi_slli_8         
0000d4d6  __mspabi_slli_7         
0000d4d8  __mspabi_slli_6         
0000d4da  __mspabi_slli_5         
0000d4dc  __mspabi_slli_4         
0000d4de  __mspabi_slli_3         
0000d4e0  __mspabi_slli_2         
0000d4e2  __mspabi_slli_1         
0000d4e6  __mspabi_mpyl           
0000d4e6  __mspabi_mpyl_sw        
0000d50c  Timer_A                 
0000d526  _c_int00_noargs_noexit  
0000d55a  memccpy                 
0000d574  __mspabi_divu           
0000d574  __mspabi_remu           
0000d58a  __TI_zero_init          
0000d59e  memset                  
0000d5b2  __mspabi_mpyi           
0000d5b2  __mspabi_mpyi_sw        
0000d5c6  __mspabi_fixdu          
0000d5ea  display_line            
0000d5fc  __mspabi_srll           
0000d60e  memcpy                  
0000d620  __mspabi_func_epilog_7  
0000d622  __mspabi_func_epilog_6  
0000d624  __mspabi_func_epilog_5  
0000d626  __mspabi_func_epilog_4  
0000d628  __mspabi_func_epilog_3  
0000d62a  __mspabi_func_epilog_2  
0000d62c  __mspabi_func_epilog_1  
0000d630  strlen                  
0000d63e  __TI_ISR_TRAP           
0000d646  __mspabi_fltud          
0000d64c  C$$EXIT                 
0000d64c  abort                   
0000d652  _system_pre_init        
0000d656  _system_post_cinit      
0000d698  __TI_Handler_Table_Base 
0000d69a  __TI_CINIT_Base         
0000d69a  __TI_Handler_Table_Limit
0000d69e  __TI_CINIT_Limit        
0000ffe0  __TI_int00              
0000ffe4  __TI_int02              
0000ffe6  __TI_int03              
0000ffea  __TI_int05              
0000ffec  __TI_int06              
0000ffee  __TI_int07              
0000fff0  __TI_int08              
0000fff2  __TI_int09              
0000fff4  __TI_int10              
0000fff6  __TI_int11              
0000fff8  __TI_int12              
0000fffa  __TI_int13              
0000fffc  __TI_int14              
0000fffe  _reset_vector           
ffffffff  __TI_pprof_out_hndl     
ffffffff  __TI_prof_data_size     
ffffffff  __TI_prof_data_start    
ffffffff  __c_args__              
UNDEFED   __TI_BINIT_Base         
UNDEFED   __TI_BINIT_Limit        
UNDEFED   __TI_INITARRAY_Base     
UNDEFED   __TI_INITARRAY_Limit    

[272 symbols]
