<?xml version="1.0"?>
<link_info>
   <banner>MSP430 Linker PC v15.12.3.LTS</banner>
   <copyright>Copyright (c) 2003-2015 Texas Instruments Incorporated</copyright>
   <link_time>0x5ad9dd9d</link_time>
   <link_errors>0x0</link_errors>
   <output_file>capture servo.out</output_file>
   <entry_point>
      <name>_c_int00_noargs_noexit</name>
      <address>0xd526</address>
   </entry_point>
   <input_file_list>
      <input_file id="fl-2">
         <path>.\</path>
         <kind>object</kind>
         <file>main.obj</file>
         <name>main.obj</name>
      </input_file>
      <input_file id="fl-1d">
         <path>C:\ti\ccsv6\tools\compiler\msp430_15.12.3.LTS\lib\</path>
         <kind>archive</kind>
         <file>rts430_eabi.lib</file>
         <name>asr16.obj</name>
      </input_file>
      <input_file id="fl-1e">
         <path>C:\ti\ccsv6\tools\compiler\msp430_15.12.3.LTS\lib\</path>
         <kind>archive</kind>
         <file>rts430_eabi.lib</file>
         <name>boot.obj</name>
      </input_file>
      <input_file id="fl-1f">
         <path>C:\ti\ccsv6\tools\compiler\msp430_15.12.3.LTS\lib\</path>
         <kind>archive</kind>
         <file>rts430_eabi.lib</file>
         <name>boot_special.obj</name>
      </input_file>
      <input_file id="fl-20">
         <path>C:\ti\ccsv6\tools\compiler\msp430_15.12.3.LTS\lib\</path>
         <kind>archive</kind>
         <file>rts430_eabi.lib</file>
         <name>copy_decompress_none.obj</name>
      </input_file>
      <input_file id="fl-21">
         <path>C:\ti\ccsv6\tools\compiler\msp430_15.12.3.LTS\lib\</path>
         <kind>archive</kind>
         <file>rts430_eabi.lib</file>
         <name>copy_decompress_rle.obj</name>
      </input_file>
      <input_file id="fl-22">
         <path>C:\ti\ccsv6\tools\compiler\msp430_15.12.3.LTS\lib\</path>
         <kind>archive</kind>
         <file>rts430_eabi.lib</file>
         <name>copy_zero_init.obj</name>
      </input_file>
      <input_file id="fl-23">
         <path>C:\ti\ccsv6\tools\compiler\msp430_15.12.3.LTS\lib\</path>
         <kind>archive</kind>
         <file>rts430_eabi.lib</file>
         <name>divd.obj</name>
      </input_file>
      <input_file id="fl-24">
         <path>C:\ti\ccsv6\tools\compiler\msp430_15.12.3.LTS\lib\</path>
         <kind>archive</kind>
         <file>rts430_eabi.lib</file>
         <name>epilog.obj</name>
      </input_file>
      <input_file id="fl-25">
         <path>C:\ti\ccsv6\tools\compiler\msp430_15.12.3.LTS\lib\</path>
         <kind>archive</kind>
         <file>rts430_eabi.lib</file>
         <name>exit.obj</name>
      </input_file>
      <input_file id="fl-26">
         <path>C:\ti\ccsv6\tools\compiler\msp430_15.12.3.LTS\lib\</path>
         <kind>archive</kind>
         <file>rts430_eabi.lib</file>
         <name>exit_gvars.obj</name>
      </input_file>
      <input_file id="fl-27">
         <path>C:\ti\ccsv6\tools\compiler\msp430_15.12.3.LTS\lib\</path>
         <kind>archive</kind>
         <file>rts430_eabi.lib</file>
         <name>fixdu.obj</name>
      </input_file>
      <input_file id="fl-28">
         <path>C:\ti\ccsv6\tools\compiler\msp430_15.12.3.LTS\lib\</path>
         <kind>archive</kind>
         <file>rts430_eabi.lib</file>
         <name>fixdul.obj</name>
      </input_file>
      <input_file id="fl-29">
         <path>C:\ti\ccsv6\tools\compiler\msp430_15.12.3.LTS\lib\</path>
         <kind>archive</kind>
         <file>rts430_eabi.lib</file>
         <name>fltud.obj</name>
      </input_file>
      <input_file id="fl-2a">
         <path>C:\ti\ccsv6\tools\compiler\msp430_15.12.3.LTS\lib\</path>
         <kind>archive</kind>
         <file>rts430_eabi.lib</file>
         <name>fltuld.obj</name>
      </input_file>
      <input_file id="fl-2b">
         <path>C:\ti\ccsv6\tools\compiler\msp430_15.12.3.LTS\lib\</path>
         <kind>archive</kind>
         <file>rts430_eabi.lib</file>
         <name>frcdivd.obj</name>
      </input_file>
      <input_file id="fl-2c">
         <path>C:\ti\ccsv6\tools\compiler\msp430_15.12.3.LTS\lib\</path>
         <kind>archive</kind>
         <file>rts430_eabi.lib</file>
         <name>int00.obj</name>
      </input_file>
      <input_file id="fl-2d">
         <path>C:\ti\ccsv6\tools\compiler\msp430_15.12.3.LTS\lib\</path>
         <kind>archive</kind>
         <file>rts430_eabi.lib</file>
         <name>int02.obj</name>
      </input_file>
      <input_file id="fl-2e">
         <path>C:\ti\ccsv6\tools\compiler\msp430_15.12.3.LTS\lib\</path>
         <kind>archive</kind>
         <file>rts430_eabi.lib</file>
         <name>int03.obj</name>
      </input_file>
      <input_file id="fl-2f">
         <path>C:\ti\ccsv6\tools\compiler\msp430_15.12.3.LTS\lib\</path>
         <kind>archive</kind>
         <file>rts430_eabi.lib</file>
         <name>int05.obj</name>
      </input_file>
      <input_file id="fl-30">
         <path>C:\ti\ccsv6\tools\compiler\msp430_15.12.3.LTS\lib\</path>
         <kind>archive</kind>
         <file>rts430_eabi.lib</file>
         <name>int06.obj</name>
      </input_file>
      <input_file id="fl-31">
         <path>C:\ti\ccsv6\tools\compiler\msp430_15.12.3.LTS\lib\</path>
         <kind>archive</kind>
         <file>rts430_eabi.lib</file>
         <name>int07.obj</name>
      </input_file>
      <input_file id="fl-32">
         <path>C:\ti\ccsv6\tools\compiler\msp430_15.12.3.LTS\lib\</path>
         <kind>archive</kind>
         <file>rts430_eabi.lib</file>
         <name>int10.obj</name>
      </input_file>
      <input_file id="fl-33">
         <path>C:\ti\ccsv6\tools\compiler\msp430_15.12.3.LTS\lib\</path>
         <kind>archive</kind>
         <file>rts430_eabi.lib</file>
         <name>int11.obj</name>
      </input_file>
      <input_file id="fl-34">
         <path>C:\ti\ccsv6\tools\compiler\msp430_15.12.3.LTS\lib\</path>
         <kind>archive</kind>
         <file>rts430_eabi.lib</file>
         <name>int12.obj</name>
      </input_file>
      <input_file id="fl-35">
         <path>C:\ti\ccsv6\tools\compiler\msp430_15.12.3.LTS\lib\</path>
         <kind>archive</kind>
         <file>rts430_eabi.lib</file>
         <name>int13.obj</name>
      </input_file>
      <input_file id="fl-36">
         <path>C:\ti\ccsv6\tools\compiler\msp430_15.12.3.LTS\lib\</path>
         <kind>archive</kind>
         <file>rts430_eabi.lib</file>
         <name>int14.obj</name>
      </input_file>
      <input_file id="fl-37">
         <path>C:\ti\ccsv6\tools\compiler\msp430_15.12.3.LTS\lib\</path>
         <kind>archive</kind>
         <file>rts430_eabi.lib</file>
         <name>isr_trap.obj</name>
      </input_file>
      <input_file id="fl-38">
         <path>C:\ti\ccsv6\tools\compiler\msp430_15.12.3.LTS\lib\</path>
         <kind>archive</kind>
         <file>rts430_eabi.lib</file>
         <name>lsl16.obj</name>
      </input_file>
      <input_file id="fl-39">
         <path>C:\ti\ccsv6\tools\compiler\msp430_15.12.3.LTS\lib\</path>
         <kind>archive</kind>
         <file>rts430_eabi.lib</file>
         <name>lsl32.obj</name>
      </input_file>
      <input_file id="fl-3a">
         <path>C:\ti\ccsv6\tools\compiler\msp430_15.12.3.LTS\lib\</path>
         <kind>archive</kind>
         <file>rts430_eabi.lib</file>
         <name>lsr16.obj</name>
      </input_file>
      <input_file id="fl-3b">
         <path>C:\ti\ccsv6\tools\compiler\msp430_15.12.3.LTS\lib\</path>
         <kind>archive</kind>
         <file>rts430_eabi.lib</file>
         <name>lsr32.obj</name>
      </input_file>
      <input_file id="fl-3c">
         <path>C:\ti\ccsv6\tools\compiler\msp430_15.12.3.LTS\lib\</path>
         <kind>archive</kind>
         <file>rts430_eabi.lib</file>
         <name>lsr64.obj</name>
      </input_file>
      <input_file id="fl-3d">
         <path>C:\ti\ccsv6\tools\compiler\msp430_15.12.3.LTS\lib\</path>
         <kind>archive</kind>
         <file>rts430_eabi.lib</file>
         <name>memcpy.obj</name>
      </input_file>
      <input_file id="fl-3e">
         <path>C:\ti\ccsv6\tools\compiler\msp430_15.12.3.LTS\lib\</path>
         <kind>archive</kind>
         <file>rts430_eabi.lib</file>
         <name>mpu_init.obj</name>
      </input_file>
      <input_file id="fl-3f">
         <path>C:\ti\ccsv6\tools\compiler\msp430_15.12.3.LTS\lib\</path>
         <kind>archive</kind>
         <file>rts430_eabi.lib</file>
         <name>mpyd.obj</name>
      </input_file>
      <input_file id="fl-40">
         <path>C:\ti\ccsv6\tools\compiler\msp430_15.12.3.LTS\lib\</path>
         <kind>archive</kind>
         <file>rts430_eabi.lib</file>
         <name>mult16.obj</name>
      </input_file>
      <input_file id="fl-41">
         <path>C:\ti\ccsv6\tools\compiler\msp430_15.12.3.LTS\lib\</path>
         <kind>archive</kind>
         <file>rts430_eabi.lib</file>
         <name>mult32.obj</name>
      </input_file>
      <input_file id="fl-42">
         <path>C:\ti\ccsv6\tools\compiler\msp430_15.12.3.LTS\lib\</path>
         <kind>archive</kind>
         <file>rts430_eabi.lib</file>
         <name>pre_init.obj</name>
      </input_file>
      <input_file id="fl-43">
         <path>C:\ti\ccsv6\tools\compiler\msp430_15.12.3.LTS\lib\</path>
         <kind>archive</kind>
         <file>rts430_eabi.lib</file>
         <name>sprintf.obj</name>
      </input_file>
      <input_file id="fl-44">
         <path>C:\ti\ccsv6\tools\compiler\msp430_15.12.3.LTS\lib\</path>
         <kind>archive</kind>
         <file>rts430_eabi.lib</file>
         <name>_lock.obj</name>
      </input_file>
      <input_file id="fl-45">
         <path>C:\ti\ccsv6\tools\compiler\msp430_15.12.3.LTS\lib\</path>
         <kind>archive</kind>
         <file>rts430_eabi.lib</file>
         <name>_printfi_min.obj</name>
      </input_file>
      <input_file id="fl-46">
         <path>C:\ti\ccsv6\tools\compiler\msp430_15.12.3.LTS\lib\</path>
         <kind>archive</kind>
         <file>rts430_eabi.lib</file>
         <name>args_main.obj</name>
      </input_file>
      <input_file id="fl-47">
         <path>C:\ti\ccsv6\tools\compiler\msp430_15.12.3.LTS\lib\</path>
         <kind>archive</kind>
         <file>rts430_eabi.lib</file>
         <name>asr32.obj</name>
      </input_file>
      <input_file id="fl-48">
         <path>C:\ti\ccsv6\tools\compiler\msp430_15.12.3.LTS\lib\</path>
         <kind>archive</kind>
         <file>rts430_eabi.lib</file>
         <name>autoinit.obj</name>
      </input_file>
      <input_file id="fl-49">
         <path>C:\ti\ccsv6\tools\compiler\msp430_15.12.3.LTS\lib\</path>
         <kind>archive</kind>
         <file>rts430_eabi.lib</file>
         <name>cpy_tbl.obj</name>
      </input_file>
      <input_file id="fl-4a">
         <path>C:\ti\ccsv6\tools\compiler\msp430_15.12.3.LTS\lib\</path>
         <kind>archive</kind>
         <file>rts430_eabi.lib</file>
         <name>div16u.obj</name>
      </input_file>
      <input_file id="fl-4b">
         <path>C:\ti\ccsv6\tools\compiler\msp430_15.12.3.LTS\lib\</path>
         <kind>archive</kind>
         <file>rts430_eabi.lib</file>
         <name>frcmpyd.obj</name>
      </input_file>
      <input_file id="fl-4c">
         <path>C:\ti\ccsv6\tools\compiler\msp430_15.12.3.LTS\lib\</path>
         <kind>archive</kind>
         <file>rts430_eabi.lib</file>
         <name>memccpy.obj</name>
      </input_file>
      <input_file id="fl-4d">
         <path>C:\ti\ccsv6\tools\compiler\msp430_15.12.3.LTS\lib\</path>
         <kind>archive</kind>
         <file>rts430_eabi.lib</file>
         <name>memset.obj</name>
      </input_file>
      <input_file id="fl-4e">
         <path>C:\ti\ccsv6\tools\compiler\msp430_15.12.3.LTS\lib\</path>
         <kind>archive</kind>
         <file>rts430_eabi.lib</file>
         <name>startup.obj</name>
      </input_file>
      <input_file id="fl-4f">
         <path>C:\ti\ccsv6\tools\compiler\msp430_15.12.3.LTS\lib\</path>
         <kind>archive</kind>
         <file>rts430_eabi.lib</file>
         <name>strlen.obj</name>
      </input_file>
   </input_file_list>
   <object_component_list>
      <object_component id="oc-17c">
         <name>.common:diff</name>
         <uninitialized>true</uninitialized>
         <run_address>0x212</run_address>
         <size>0x2</size>
      </object_component>
      <object_component id="oc-17b">
         <name>.common:temp</name>
         <uninitialized>true</uninitialized>
         <run_address>0x218</run_address>
         <size>0x2</size>
      </object_component>
      <object_component id="oc-176">
         <name>.common:of</name>
         <uninitialized>true</uninitialized>
         <run_address>0x214</run_address>
         <size>0x2</size>
      </object_component>
      <object_component id="oc-17a">
         <name>.common:again</name>
         <uninitialized>true</uninitialized>
         <run_address>0x210</run_address>
         <size>0x2</size>
      </object_component>
      <object_component id="oc-1ce">
         <name>.common:tdms</name>
         <uninitialized>true</uninitialized>
         <run_address>0x216</run_address>
         <size>0x2</size>
      </object_component>
      <object_component id="oc-1cf">
         <name>.common:value</name>
         <uninitialized>true</uninitialized>
         <run_address>0x200</run_address>
         <size>0x10</size>
      </object_component>
      <object_component id="oc-ee">
         <name>.stack</name>
         <uninitialized>true</uninitialized>
         <run_address>0x3b0</run_address>
         <size>0x2</size>
         <input_file_ref idref="fl-1e"/>
      </object_component>
      <object_component id="oc-32e">
         <name>.stack</name>
         <uninitialized>true</uninitialized>
         <run_address>0x3b0</run_address>
         <size>0x0</size>
      </object_component>
      <object_component id="oc-244">
         <name>.text:__TI_frcdivd</name>
         <load_address>0xc000</load_address>
         <run_address>0xc000</run_address>
         <size>0x48e</size>
         <input_file_ref idref="fl-2b"/>
      </object_component>
      <object_component id="oc-22d">
         <name>.text:__TI_frcmpyd</name>
         <load_address>0xc48e</load_address>
         <run_address>0xc48e</run_address>
         <size>0x2f4</size>
         <input_file_ref idref="fl-4b"/>
      </object_component>
      <object_component id="oc-1bc">
         <name>.text:__mspabi_mpyd</name>
         <load_address>0xc782</load_address>
         <run_address>0xc782</run_address>
         <size>0x26e</size>
         <input_file_ref idref="fl-3f"/>
      </object_component>
      <object_component id="oc-1c2">
         <name>.text:__mspabi_divd</name>
         <load_address>0xc9f0</load_address>
         <run_address>0xc9f0</run_address>
         <size>0x238</size>
         <input_file_ref idref="fl-23"/>
      </object_component>
      <object_component id="oc-2a6">
         <name>.text:_setfield</name>
         <load_address>0xcc28</load_address>
         <run_address>0xcc28</run_address>
         <size>0x116</size>
         <input_file_ref idref="fl-45"/>
      </object_component>
      <object_component id="oc-25f">
         <name>.text:__TI_printfi_minimal</name>
         <load_address>0xcd3e</load_address>
         <run_address>0xcd3e</run_address>
         <size>0xe6</size>
         <input_file_ref idref="fl-45"/>
      </object_component>
      <object_component id="oc-144">
         <name>.text:main</name>
         <load_address>0xce24</load_address>
         <run_address>0xce24</run_address>
         <size>0xe2</size>
         <input_file_ref idref="fl-2"/>
      </object_component>
      <object_component id="oc-2d3">
         <name>.text:_pproc_diouxp</name>
         <load_address>0xcf06</load_address>
         <run_address>0xcf06</run_address>
         <size>0xc8</size>
         <input_file_ref idref="fl-45"/>
      </object_component>
      <object_component id="oc-226">
         <name>.text:__mspabi_fltuld</name>
         <load_address>0xcfce</load_address>
         <run_address>0xcfce</run_address>
         <size>0x8a</size>
         <input_file_ref idref="fl-2a"/>
      </object_component>
      <object_component id="oc-212">
         <name>.text:lcd_reset</name>
         <load_address>0xd058</load_address>
         <run_address>0xd058</run_address>
         <size>0x76</size>
         <input_file_ref idref="fl-2"/>
      </object_component>
      <object_component id="oc-24c">
         <name>.text:__mspabi_fixdul</name>
         <load_address>0xd0ce</load_address>
         <run_address>0xd0ce</run_address>
         <size>0x74</size>
         <input_file_ref idref="fl-28"/>
      </object_component>
      <object_component id="oc-12a">
         <name>.text:_auto_init</name>
         <load_address>0xd142</load_address>
         <run_address>0xd142</run_address>
         <size>0x6e</size>
         <input_file_ref idref="fl-48"/>
      </object_component>
      <object_component id="oc-27d">
         <name>.text:l_lsr_const</name>
         <load_address>0xd1b0</load_address>
         <run_address>0xd1b0</run_address>
         <size>0x5c</size>
         <input_file_ref idref="fl-3b"/>
      </object_component>
      <object_component id="oc-181">
         <name>.text:copy_in</name>
         <load_address>0xd20c</load_address>
         <run_address>0xd20c</run_address>
         <size>0x5a</size>
         <input_file_ref idref="fl-49"/>
      </object_component>
      <object_component id="oc-23f">
         <name>.text</name>
         <load_address>0xd266</load_address>
         <run_address>0xd266</run_address>
         <size>0x4c</size>
         <input_file_ref idref="fl-3a"/>
      </object_component>
      <object_component id="oc-219">
         <name>.text:lcd_data</name>
         <load_address>0xd2b2</load_address>
         <run_address>0xd2b2</run_address>
         <size>0x46</size>
         <input_file_ref idref="fl-2"/>
      </object_component>
      <object_component id="oc-1b0">
         <name>.text:lcd_cmd</name>
         <load_address>0xd2f8</load_address>
         <run_address>0xd2f8</run_address>
         <size>0x40</size>
         <input_file_ref idref="fl-2"/>
      </object_component>
      <object_component id="oc-289">
         <name>.text:l_asr_const</name>
         <load_address>0xd338</load_address>
         <run_address>0xd338</run_address>
         <size>0x3e</size>
         <input_file_ref idref="fl-47"/>
      </object_component>
      <object_component id="oc-278">
         <name>.text:l_lsl_const</name>
         <load_address>0xd376</load_address>
         <run_address>0xd376</run_address>
         <size>0x3e</size>
         <input_file_ref idref="fl-39"/>
      </object_component>
      <object_component id="oc-1d6">
         <name>.text:lcd_cmd_fast</name>
         <load_address>0xd3b4</load_address>
         <run_address>0xd3b4</run_address>
         <size>0x3e</size>
         <input_file_ref idref="fl-2"/>
      </object_component>
      <object_component id="oc-117">
         <name>.text:Timer_A0</name>
         <load_address>0xd3f2</load_address>
         <run_address>0xd3f2</run_address>
         <size>0x38</size>
         <input_file_ref idref="fl-2"/>
      </object_component>
      <object_component id="oc-1d0">
         <name>.text:sprintf</name>
         <load_address>0xd42a</load_address>
         <run_address>0xd42a</run_address>
         <size>0x38</size>
         <input_file_ref idref="fl-43"/>
      </object_component>
      <object_component id="oc-1a3">
         <name>.text:lcd_init</name>
         <load_address>0xd462</load_address>
         <run_address>0xd462</run_address>
         <size>0x2c</size>
         <input_file_ref idref="fl-2"/>
      </object_component>
      <object_component id="oc-220">
         <name>.text</name>
         <load_address>0xd48e</load_address>
         <run_address>0xd48e</run_address>
         <size>0x2c</size>
         <input_file_ref idref="fl-1d"/>
      </object_component>
      <object_component id="oc-233">
         <name>.text</name>
         <load_address>0xd4ba</load_address>
         <run_address>0xd4ba</run_address>
         <size>0x2c</size>
         <input_file_ref idref="fl-38"/>
      </object_component>
      <object_component id="oc-284">
         <name>.text</name>
         <load_address>0xd4e6</load_address>
         <run_address>0xd4e6</run_address>
         <size>0x26</size>
         <input_file_ref idref="fl-41"/>
      </object_component>
      <object_component id="oc-111">
         <name>.text:Timer_A</name>
         <load_address>0xd50c</load_address>
         <run_address>0xd50c</run_address>
         <size>0x1a</size>
         <input_file_ref idref="fl-2"/>
      </object_component>
      <object_component id="oc-68">
         <name>.text:_c_int00_noargs_noexit</name>
         <load_address>0xd526</load_address>
         <run_address>0xd526</run_address>
         <size>0x1a</size>
         <input_file_ref idref="fl-1f"/>
      </object_component>
      <object_component id="oc-253">
         <name>.text:_outs</name>
         <load_address>0xd540</load_address>
         <run_address>0xd540</run_address>
         <size>0x1a</size>
         <input_file_ref idref="fl-43"/>
      </object_component>
      <object_component id="oc-2d9">
         <name>.text:memccpy</name>
         <load_address>0xd55a</load_address>
         <run_address>0xd55a</run_address>
         <size>0x1a</size>
         <input_file_ref idref="fl-4c"/>
      </object_component>
      <object_component id="oc-2e6">
         <name>.text</name>
         <load_address>0xd574</load_address>
         <run_address>0xd574</run_address>
         <size>0x16</size>
         <input_file_ref idref="fl-4a"/>
      </object_component>
      <object_component id="oc-4a">
         <name>.text:decompress:ZI:__TI_zero_init</name>
         <load_address>0xd58a</load_address>
         <run_address>0xd58a</run_address>
         <size>0x14</size>
         <input_file_ref idref="fl-22"/>
      </object_component>
      <object_component id="oc-2cc">
         <name>.text:memset</name>
         <load_address>0xd59e</load_address>
         <run_address>0xd59e</run_address>
         <size>0x14</size>
         <input_file_ref idref="fl-4d"/>
      </object_component>
      <object_component id="oc-1e3">
         <name>.text</name>
         <load_address>0xd5b2</load_address>
         <run_address>0xd5b2</run_address>
         <size>0x14</size>
         <input_file_ref idref="fl-40"/>
      </object_component>
      <object_component id="oc-1c8">
         <name>.text:__mspabi_fixdu</name>
         <load_address>0xd5c6</load_address>
         <run_address>0xd5c6</run_address>
         <size>0x12</size>
         <input_file_ref idref="fl-27"/>
      </object_component>
      <object_component id="oc-259">
         <name>.text:_outc</name>
         <load_address>0xd5d8</load_address>
         <run_address>0xd5d8</run_address>
         <size>0x12</size>
         <input_file_ref idref="fl-43"/>
      </object_component>
      <object_component id="oc-1aa">
         <name>.text:display_line</name>
         <load_address>0xd5ea</load_address>
         <run_address>0xd5ea</run_address>
         <size>0x12</size>
         <input_file_ref idref="fl-2"/>
      </object_component>
      <object_component id="oc-298">
         <name>.text:l_lsr</name>
         <load_address>0xd5fc</load_address>
         <run_address>0xd5fc</run_address>
         <size>0x12</size>
         <input_file_ref idref="fl-3b"/>
      </object_component>
      <object_component id="oc-f2">
         <name>.text:memcpy</name>
         <load_address>0xd60e</load_address>
         <run_address>0xd60e</run_address>
         <size>0x12</size>
         <input_file_ref idref="fl-3d"/>
      </object_component>
      <object_component id="oc-16d">
         <name>.text</name>
         <load_address>0xd620</load_address>
         <run_address>0xd620</run_address>
         <size>0x10</size>
         <input_file_ref idref="fl-24"/>
      </object_component>
      <object_component id="oc-2a0">
         <name>.text:strlen</name>
         <load_address>0xd630</load_address>
         <run_address>0xd630</run_address>
         <size>0xe</size>
         <input_file_ref idref="fl-4f"/>
      </object_component>
      <object_component id="oc-10c">
         <name>.text:_isr:__TI_ISR_TRAP</name>
         <load_address>0xd63e</load_address>
         <run_address>0xd63e</run_address>
         <size>0x8</size>
         <input_file_ref idref="fl-37"/>
      </object_component>
      <object_component id="oc-1b6">
         <name>.text:__mspabi_fltud</name>
         <load_address>0xd646</load_address>
         <run_address>0xd646</run_address>
         <size>0x6</size>
         <input_file_ref idref="fl-29"/>
      </object_component>
      <object_component id="oc-14c">
         <name>.text:abort</name>
         <load_address>0xd64c</load_address>
         <run_address>0xd64c</run_address>
         <size>0x6</size>
         <input_file_ref idref="fl-25"/>
      </object_component>
      <object_component id="oc-124">
         <name>.text:_system_pre_init</name>
         <load_address>0xd652</load_address>
         <run_address>0xd652</run_address>
         <size>0x4</size>
         <input_file_ref idref="fl-42"/>
      </object_component>
      <object_component id="oc-187">
         <name>.text:_system_post_cinit</name>
         <load_address>0xd656</load_address>
         <run_address>0xd656</run_address>
         <size>0x2</size>
         <input_file_ref idref="fl-4e"/>
      </object_component>
      <object_component id="oc-32d">
         <name>.cinit..bss.load</name>
         <load_address>0xd694</load_address>
         <run_address>0xd694</run_address>
         <size>0x4</size>
      </object_component>
      <object_component id="oc-32b">
         <name>__TI_handler_table</name>
         <load_address>0xd698</load_address>
         <run_address>0xd698</run_address>
         <size>0x2</size>
      </object_component>
      <object_component id="oc-32c">
         <name>__TI_cinit_table</name>
         <load_address>0xd69a</load_address>
         <run_address>0xd69a</run_address>
         <size>0x4</size>
      </object_component>
      <object_component id="oc-1a9">
         <name>.const:.string</name>
         <load_address>0xd658</load_address>
         <run_address>0xd658</run_address>
         <size>0x28</size>
         <input_file_ref idref="fl-2"/>
      </object_component>
      <object_component id="oc-2d2">
         <name>.const:.string</name>
         <load_address>0xd680</load_address>
         <run_address>0xd680</run_address>
         <size>0x14</size>
         <input_file_ref idref="fl-45"/>
      </object_component>
      <object_component id="oc-3d">
         <name>.int00</name>
         <load_address>0xffe0</load_address>
         <run_address>0xffe0</run_address>
         <size>0x2</size>
         <input_file_ref idref="fl-2c"/>
      </object_component>
      <object_component id="oc-3e">
         <name>.int02</name>
         <load_address>0xffe4</load_address>
         <run_address>0xffe4</run_address>
         <size>0x2</size>
         <input_file_ref idref="fl-2d"/>
      </object_component>
      <object_component id="oc-3f">
         <name>.int03</name>
         <load_address>0xffe6</load_address>
         <run_address>0xffe6</run_address>
         <size>0x2</size>
         <input_file_ref idref="fl-2e"/>
      </object_component>
      <object_component id="oc-40">
         <name>.int05</name>
         <load_address>0xffea</load_address>
         <run_address>0xffea</run_address>
         <size>0x2</size>
         <input_file_ref idref="fl-2f"/>
      </object_component>
      <object_component id="oc-41">
         <name>.int06</name>
         <load_address>0xffec</load_address>
         <run_address>0xffec</run_address>
         <size>0x2</size>
         <input_file_ref idref="fl-30"/>
      </object_component>
      <object_component id="oc-42">
         <name>.int07</name>
         <load_address>0xffee</load_address>
         <run_address>0xffee</run_address>
         <size>0x2</size>
         <input_file_ref idref="fl-31"/>
      </object_component>
      <object_component id="oc-43">
         <name>.int08</name>
         <load_address>0xfff0</load_address>
         <run_address>0xfff0</run_address>
         <size>0x2</size>
         <input_file_ref idref="fl-2"/>
      </object_component>
      <object_component id="oc-44">
         <name>.int09</name>
         <load_address>0xfff2</load_address>
         <run_address>0xfff2</run_address>
         <size>0x2</size>
         <input_file_ref idref="fl-2"/>
      </object_component>
      <object_component id="oc-45">
         <name>.int10</name>
         <load_address>0xfff4</load_address>
         <run_address>0xfff4</run_address>
         <size>0x2</size>
         <input_file_ref idref="fl-32"/>
      </object_component>
      <object_component id="oc-46">
         <name>.int11</name>
         <load_address>0xfff6</load_address>
         <run_address>0xfff6</run_address>
         <size>0x2</size>
         <input_file_ref idref="fl-33"/>
      </object_component>
      <object_component id="oc-47">
         <name>.int12</name>
         <load_address>0xfff8</load_address>
         <run_address>0xfff8</run_address>
         <size>0x2</size>
         <input_file_ref idref="fl-34"/>
      </object_component>
      <object_component id="oc-48">
         <name>.int13</name>
         <load_address>0xfffa</load_address>
         <run_address>0xfffa</run_address>
         <size>0x2</size>
         <input_file_ref idref="fl-35"/>
      </object_component>
      <object_component id="oc-49">
         <name>.int14</name>
         <load_address>0xfffc</load_address>
         <run_address>0xfffc</run_address>
         <size>0x2</size>
         <input_file_ref idref="fl-36"/>
      </object_component>
      <object_component id="oc-f1">
         <name>.reset</name>
         <load_address>0xfffe</load_address>
         <run_address>0xfffe</run_address>
         <size>0x2</size>
         <input_file_ref idref="fl-1e"/>
      </object_component>
      <object_component id="oc-177">
         <name>.debug_info</name>
         <load_address>0x0</load_address>
         <run_address>0x0</run_address>
         <size>0x469</size>
         <input_file_ref idref="fl-2"/>
      </object_component>
      <object_component id="oc-213">
         <name>.debug_info</name>
         <load_address>0x469</load_address>
         <run_address>0x469</run_address>
         <size>0xfd</size>
         <input_file_ref idref="fl-2"/>
      </object_component>
      <object_component id="oc-1b1">
         <name>.debug_info</name>
         <load_address>0x566</load_address>
         <run_address>0x566</run_address>
         <size>0x143</size>
         <input_file_ref idref="fl-2"/>
      </object_component>
      <object_component id="oc-1d7">
         <name>.debug_info</name>
         <load_address>0x6a9</load_address>
         <run_address>0x6a9</run_address>
         <size>0x14d</size>
         <input_file_ref idref="fl-2"/>
      </object_component>
      <object_component id="oc-1a4">
         <name>.debug_info</name>
         <load_address>0x7f6</load_address>
         <run_address>0x7f6</run_address>
         <size>0x151</size>
         <input_file_ref idref="fl-2"/>
      </object_component>
      <object_component id="oc-21a">
         <name>.debug_info</name>
         <load_address>0x947</load_address>
         <run_address>0x947</run_address>
         <size>0x145</size>
         <input_file_ref idref="fl-2"/>
      </object_component>
      <object_component id="oc-1ab">
         <name>.debug_info</name>
         <load_address>0xa8c</load_address>
         <run_address>0xa8c</run_address>
         <size>0x134</size>
         <input_file_ref idref="fl-2"/>
      </object_component>
      <object_component id="oc-145">
         <name>.debug_info</name>
         <load_address>0xbc0</load_address>
         <run_address>0xbc0</run_address>
         <size>0x1db</size>
         <input_file_ref idref="fl-2"/>
      </object_component>
      <object_component id="oc-112">
         <name>.debug_info</name>
         <load_address>0xd9b</load_address>
         <run_address>0xd9b</run_address>
         <size>0xfa</size>
         <input_file_ref idref="fl-2"/>
      </object_component>
      <object_component id="oc-118">
         <name>.debug_info</name>
         <load_address>0xe95</load_address>
         <run_address>0xe95</run_address>
         <size>0xfc</size>
         <input_file_ref idref="fl-2"/>
      </object_component>
      <object_component id="oc-15a">
         <name>.debug_info</name>
         <load_address>0xf91</load_address>
         <run_address>0xf91</run_address>
         <size>0x84</size>
         <input_file_ref idref="fl-2"/>
      </object_component>
      <object_component id="oc-2ae">
         <name>.debug_info</name>
         <load_address>0x1015</load_address>
         <run_address>0x1015</run_address>
         <size>0x2c</size>
         <input_file_ref idref="fl-2"/>
      </object_component>
      <object_component id="oc-222">
         <name>.debug_info</name>
         <load_address>0x1041</load_address>
         <run_address>0x1041</run_address>
         <size>0x119</size>
         <input_file_ref idref="fl-1d"/>
      </object_component>
      <object_component id="oc-ef">
         <name>.debug_info</name>
         <load_address>0x115a</load_address>
         <run_address>0x115a</run_address>
         <size>0xf6</size>
         <input_file_ref idref="fl-1e"/>
      </object_component>
      <object_component id="oc-69">
         <name>.debug_info</name>
         <load_address>0x1250</load_address>
         <run_address>0x1250</run_address>
         <size>0x197</size>
         <input_file_ref idref="fl-1f"/>
      </object_component>
      <object_component id="oc-123">
         <name>.debug_info</name>
         <load_address>0x13e7</load_address>
         <run_address>0x13e7</run_address>
         <size>0x16b</size>
         <input_file_ref idref="fl-22"/>
      </object_component>
      <object_component id="oc-4b">
         <name>.debug_info</name>
         <load_address>0x1552</load_address>
         <run_address>0x1552</run_address>
         <size>0x1b6</size>
         <input_file_ref idref="fl-22"/>
      </object_component>
      <object_component id="oc-11e">
         <name>.debug_info</name>
         <load_address>0x1708</load_address>
         <run_address>0x1708</run_address>
         <size>0x46</size>
         <input_file_ref idref="fl-22"/>
      </object_component>
      <object_component id="oc-161">
         <name>.debug_info</name>
         <load_address>0x174e</load_address>
         <run_address>0x174e</run_address>
         <size>0x2c</size>
         <input_file_ref idref="fl-22"/>
      </object_component>
      <object_component id="oc-24b">
         <name>.debug_info</name>
         <load_address>0x177a</load_address>
         <run_address>0x177a</run_address>
         <size>0x202</size>
         <input_file_ref idref="fl-23"/>
      </object_component>
      <object_component id="oc-1c3">
         <name>.debug_info</name>
         <load_address>0x197c</load_address>
         <run_address>0x197c</run_address>
         <size>0x280</size>
         <input_file_ref idref="fl-23"/>
      </object_component>
      <object_component id="oc-23a">
         <name>.debug_info</name>
         <load_address>0x1bfc</load_address>
         <run_address>0x1bfc</run_address>
         <size>0x94</size>
         <input_file_ref idref="fl-23"/>
      </object_component>
      <object_component id="oc-16e">
         <name>.debug_info</name>
         <load_address>0x1c90</load_address>
         <run_address>0x1c90</run_address>
         <size>0x127</size>
         <input_file_ref idref="fl-24"/>
      </object_component>
      <object_component id="oc-14f">
         <name>.debug_info</name>
         <load_address>0x1db7</load_address>
         <run_address>0x1db7</run_address>
         <size>0x118</size>
         <input_file_ref idref="fl-25"/>
      </object_component>
      <object_component id="oc-1cb">
         <name>.debug_info</name>
         <load_address>0x1ecf</load_address>
         <run_address>0x1ecf</run_address>
         <size>0x161</size>
         <input_file_ref idref="fl-27"/>
      </object_component>
      <object_component id="oc-24e">
         <name>.debug_info</name>
         <load_address>0x2030</load_address>
         <run_address>0x2030</run_address>
         <size>0x1b6</size>
         <input_file_ref idref="fl-28"/>
      </object_component>
      <object_component id="oc-1b8">
         <name>.debug_info</name>
         <load_address>0x21e6</load_address>
         <run_address>0x21e6</run_address>
         <size>0x15c</size>
         <input_file_ref idref="fl-29"/>
      </object_component>
      <object_component id="oc-283">
         <name>.debug_info</name>
         <load_address>0x2342</load_address>
         <run_address>0x2342</run_address>
         <size>0x1cb</size>
         <input_file_ref idref="fl-2a"/>
      </object_component>
      <object_component id="oc-228">
         <name>.debug_info</name>
         <load_address>0x250d</load_address>
         <run_address>0x250d</run_address>
         <size>0x1d9</size>
         <input_file_ref idref="fl-2a"/>
      </object_component>
      <object_component id="oc-295">
         <name>.debug_info</name>
         <load_address>0x26e6</load_address>
         <run_address>0x26e6</run_address>
         <size>0x1d2</size>
         <input_file_ref idref="fl-2b"/>
      </object_component>
      <object_component id="oc-246">
         <name>.debug_info</name>
         <load_address>0x28b8</load_address>
         <run_address>0x28b8</run_address>
         <size>0x606</size>
         <input_file_ref idref="fl-2b"/>
      </object_component>
      <object_component id="oc-10d">
         <name>.debug_info</name>
         <load_address>0x2ebe</load_address>
         <run_address>0x2ebe</run_address>
         <size>0x108</size>
         <input_file_ref idref="fl-37"/>
      </object_component>
      <object_component id="oc-235">
         <name>.debug_info</name>
         <load_address>0x2fc6</load_address>
         <run_address>0x2fc6</run_address>
         <size>0x119</size>
         <input_file_ref idref="fl-38"/>
      </object_component>
      <object_component id="oc-27b">
         <name>.debug_info</name>
         <load_address>0x30df</load_address>
         <run_address>0x30df</run_address>
         <size>0x11f</size>
         <input_file_ref idref="fl-39"/>
      </object_component>
      <object_component id="oc-242">
         <name>.debug_info</name>
         <load_address>0x31fe</load_address>
         <run_address>0x31fe</run_address>
         <size>0x119</size>
         <input_file_ref idref="fl-3a"/>
      </object_component>
      <object_component id="oc-29b">
         <name>.debug_info</name>
         <load_address>0x3317</load_address>
         <run_address>0x3317</run_address>
         <size>0x119</size>
         <input_file_ref idref="fl-3b"/>
      </object_component>
      <object_component id="oc-27e">
         <name>.debug_info</name>
         <load_address>0x3430</load_address>
         <run_address>0x3430</run_address>
         <size>0x11f</size>
         <input_file_ref idref="fl-3b"/>
      </object_component>
      <object_component id="oc-160">
         <name>.debug_info</name>
         <load_address>0x354f</load_address>
         <run_address>0x354f</run_address>
         <size>0x16e</size>
         <input_file_ref idref="fl-3d"/>
      </object_component>
      <object_component id="oc-f3">
         <name>.debug_info</name>
         <load_address>0x36bd</load_address>
         <run_address>0x36bd</run_address>
         <size>0x192</size>
         <input_file_ref idref="fl-3d"/>
      </object_component>
      <object_component id="oc-239">
         <name>.debug_info</name>
         <load_address>0x384f</load_address>
         <run_address>0x384f</run_address>
         <size>0x202</size>
         <input_file_ref idref="fl-3f"/>
      </object_component>
      <object_component id="oc-1bd">
         <name>.debug_info</name>
         <load_address>0x3a51</load_address>
         <run_address>0x3a51</run_address>
         <size>0x2cc</size>
         <input_file_ref idref="fl-3f"/>
      </object_component>
      <object_component id="oc-1e5">
         <name>.debug_info</name>
         <load_address>0x3d1d</load_address>
         <run_address>0x3d1d</run_address>
         <size>0x11a</size>
         <input_file_ref idref="fl-40"/>
      </object_component>
      <object_component id="oc-285">
         <name>.debug_info</name>
         <load_address>0x3e37</load_address>
         <run_address>0x3e37</run_address>
         <size>0x11a</size>
         <input_file_ref idref="fl-41"/>
      </object_component>
      <object_component id="oc-126">
         <name>.debug_info</name>
         <load_address>0x3f51</load_address>
         <run_address>0x3f51</run_address>
         <size>0x149</size>
         <input_file_ref idref="fl-42"/>
      </object_component>
      <object_component id="oc-266">
         <name>.debug_info</name>
         <load_address>0x409a</load_address>
         <run_address>0x409a</run_address>
         <size>0x22e</size>
         <input_file_ref idref="fl-43"/>
      </object_component>
      <object_component id="oc-1d1">
         <name>.debug_info</name>
         <load_address>0x42c8</load_address>
         <run_address>0x42c8</run_address>
         <size>0x1b8</size>
         <input_file_ref idref="fl-43"/>
      </object_component>
      <object_component id="oc-254">
         <name>.debug_info</name>
         <load_address>0x4480</load_address>
         <run_address>0x4480</run_address>
         <size>0x18e</size>
         <input_file_ref idref="fl-43"/>
      </object_component>
      <object_component id="oc-25a">
         <name>.debug_info</name>
         <load_address>0x460e</load_address>
         <run_address>0x460e</run_address>
         <size>0x163</size>
         <input_file_ref idref="fl-43"/>
      </object_component>
      <object_component id="oc-2ba">
         <name>.debug_info</name>
         <load_address>0x4771</load_address>
         <run_address>0x4771</run_address>
         <size>0x2c</size>
         <input_file_ref idref="fl-43"/>
      </object_component>
      <object_component id="oc-2ad">
         <name>.debug_info</name>
         <load_address>0x479d</load_address>
         <run_address>0x479d</run_address>
         <size>0x347</size>
         <input_file_ref idref="fl-45"/>
      </object_component>
      <object_component id="oc-2d4">
         <name>.debug_info</name>
         <load_address>0x4ae4</load_address>
         <run_address>0x4ae4</run_address>
         <size>0x2bd</size>
         <input_file_ref idref="fl-45"/>
      </object_component>
      <object_component id="oc-2a8">
         <name>.debug_info</name>
         <load_address>0x4da1</load_address>
         <run_address>0x4da1</run_address>
         <size>0x285</size>
         <input_file_ref idref="fl-45"/>
      </object_component>
      <object_component id="oc-261">
         <name>.debug_info</name>
         <load_address>0x5026</load_address>
         <run_address>0x5026</run_address>
         <size>0x2dc</size>
         <input_file_ref idref="fl-45"/>
      </object_component>
      <object_component id="oc-2b3">
         <name>.debug_info</name>
         <load_address>0x5302</load_address>
         <run_address>0x5302</run_address>
         <size>0x86</size>
         <input_file_ref idref="fl-45"/>
      </object_component>
      <object_component id="oc-2ec">
         <name>.debug_info</name>
         <load_address>0x5388</load_address>
         <run_address>0x5388</run_address>
         <size>0x39</size>
         <input_file_ref idref="fl-45"/>
      </object_component>
      <object_component id="oc-28a">
         <name>.debug_info</name>
         <load_address>0x53c1</load_address>
         <run_address>0x53c1</run_address>
         <size>0x11f</size>
         <input_file_ref idref="fl-47"/>
      </object_component>
      <object_component id="oc-18e">
         <name>.debug_info</name>
         <load_address>0x54e0</load_address>
         <run_address>0x54e0</run_address>
         <size>0x3b7</size>
         <input_file_ref idref="fl-48"/>
      </object_component>
      <object_component id="oc-12d">
         <name>.debug_info</name>
         <load_address>0x5897</load_address>
         <run_address>0x5897</run_address>
         <size>0x1c3</size>
         <input_file_ref idref="fl-48"/>
      </object_component>
      <object_component id="oc-1ed">
         <name>.debug_info</name>
         <load_address>0x5a5a</load_address>
         <run_address>0x5a5a</run_address>
         <size>0x39</size>
         <input_file_ref idref="fl-48"/>
      </object_component>
      <object_component id="oc-1f2">
         <name>.debug_info</name>
         <load_address>0x5a93</load_address>
         <run_address>0x5a93</run_address>
         <size>0xcd</size>
         <input_file_ref idref="fl-48"/>
      </object_component>
      <object_component id="oc-1e9">
         <name>.debug_info</name>
         <load_address>0x5b60</load_address>
         <run_address>0x5b60</run_address>
         <size>0x253</size>
         <input_file_ref idref="fl-49"/>
      </object_component>
      <object_component id="oc-183">
         <name>.debug_info</name>
         <load_address>0x5db3</load_address>
         <run_address>0x5db3</run_address>
         <size>0x1b1</size>
         <input_file_ref idref="fl-49"/>
      </object_component>
      <object_component id="oc-26b">
         <name>.debug_info</name>
         <load_address>0x5f64</load_address>
         <run_address>0x5f64</run_address>
         <size>0x2c</size>
         <input_file_ref idref="fl-49"/>
      </object_component>
      <object_component id="oc-2e8">
         <name>.debug_info</name>
         <load_address>0x5f90</load_address>
         <run_address>0x5f90</run_address>
         <size>0x11a</size>
         <input_file_ref idref="fl-4a"/>
      </object_component>
      <object_component id="oc-28f">
         <name>.debug_info</name>
         <load_address>0x60aa</load_address>
         <run_address>0x60aa</run_address>
         <size>0x1ee</size>
         <input_file_ref idref="fl-4b"/>
      </object_component>
      <object_component id="oc-22f">
         <name>.debug_info</name>
         <load_address>0x6298</load_address>
         <run_address>0x6298</run_address>
         <size>0x3cd</size>
         <input_file_ref idref="fl-4b"/>
      </object_component>
      <object_component id="oc-2f2">
         <name>.debug_info</name>
         <load_address>0x6665</load_address>
         <run_address>0x6665</run_address>
         <size>0x164</size>
         <input_file_ref idref="fl-4c"/>
      </object_component>
      <object_component id="oc-2dc">
         <name>.debug_info</name>
         <load_address>0x67c9</load_address>
         <run_address>0x67c9</run_address>
         <size>0x1ac</size>
         <input_file_ref idref="fl-4c"/>
      </object_component>
      <object_component id="oc-2e5">
         <name>.debug_info</name>
         <load_address>0x6975</load_address>
         <run_address>0x6975</run_address>
         <size>0x163</size>
         <input_file_ref idref="fl-4d"/>
      </object_component>
      <object_component id="oc-2cd">
         <name>.debug_info</name>
         <load_address>0x6ad8</load_address>
         <run_address>0x6ad8</run_address>
         <size>0x25b</size>
         <input_file_ref idref="fl-4d"/>
      </object_component>
      <object_component id="oc-18a">
         <name>.debug_info</name>
         <load_address>0x6d33</load_address>
         <run_address>0x6d33</run_address>
         <size>0x146</size>
         <input_file_ref idref="fl-4e"/>
      </object_component>
      <object_component id="oc-2cb">
         <name>.debug_info</name>
         <load_address>0x6e79</load_address>
         <run_address>0x6e79</run_address>
         <size>0x158</size>
         <input_file_ref idref="fl-4f"/>
      </object_component>
      <object_component id="oc-2a2">
         <name>.debug_info</name>
         <load_address>0x6fd1</load_address>
         <run_address>0x6fd1</run_address>
         <size>0x216</size>
         <input_file_ref idref="fl-4f"/>
      </object_component>
      <object_component id="oc-32f">
         <name>.debug_info</name>
         <load_address>0x71e7</load_address>
         <run_address>0x71e7</run_address>
         <size>0xa3</size>
      </object_component>
      <object_component id="oc-1e2">
         <name>.debug_line</name>
         <load_address>0x0</load_address>
         <run_address>0x0</run_address>
         <size>0xe9</size>
         <input_file_ref idref="fl-2"/>
      </object_component>
      <object_component id="oc-216">
         <name>.debug_line</name>
         <load_address>0xe9</load_address>
         <run_address>0xe9</run_address>
         <size>0x50</size>
         <input_file_ref idref="fl-2"/>
      </object_component>
      <object_component id="oc-1b4">
         <name>.debug_line</name>
         <load_address>0x139</load_address>
         <run_address>0x139</run_address>
         <size>0x46</size>
         <input_file_ref idref="fl-2"/>
      </object_component>
      <object_component id="oc-1da">
         <name>.debug_line</name>
         <load_address>0x17f</load_address>
         <run_address>0x17f</run_address>
         <size>0x47</size>
         <input_file_ref idref="fl-2"/>
      </object_component>
      <object_component id="oc-1a7">
         <name>.debug_line</name>
         <load_address>0x1c6</load_address>
         <run_address>0x1c6</run_address>
         <size>0x48</size>
         <input_file_ref idref="fl-2"/>
      </object_component>
      <object_component id="oc-21d">
         <name>.debug_line</name>
         <load_address>0x20e</load_address>
         <run_address>0x20e</run_address>
         <size>0x47</size>
         <input_file_ref idref="fl-2"/>
      </object_component>
      <object_component id="oc-1ae">
         <name>.debug_line</name>
         <load_address>0x255</load_address>
         <run_address>0x255</run_address>
         <size>0x49</size>
         <input_file_ref idref="fl-2"/>
      </object_component>
      <object_component id="oc-148">
         <name>.debug_line</name>
         <load_address>0x29e</load_address>
         <run_address>0x29e</run_address>
         <size>0x5e</size>
         <input_file_ref idref="fl-2"/>
      </object_component>
      <object_component id="oc-115">
         <name>.debug_line</name>
         <load_address>0x2fc</load_address>
         <run_address>0x2fc</run_address>
         <size>0x4c</size>
         <input_file_ref idref="fl-2"/>
      </object_component>
      <object_component id="oc-11b">
         <name>.debug_line</name>
         <load_address>0x348</load_address>
         <run_address>0x348</run_address>
         <size>0x4e</size>
         <input_file_ref idref="fl-2"/>
      </object_component>
      <object_component id="oc-15d">
         <name>.debug_line</name>
         <load_address>0x396</load_address>
         <run_address>0x396</run_address>
         <size>0x20</size>
         <input_file_ref idref="fl-2"/>
      </object_component>
      <object_component id="oc-2b1">
         <name>.debug_line</name>
         <load_address>0x3b6</load_address>
         <run_address>0x3b6</run_address>
         <size>0x62</size>
         <input_file_ref idref="fl-2"/>
      </object_component>
      <object_component id="oc-221">
         <name>.debug_line</name>
         <load_address>0x418</load_address>
         <run_address>0x418</run_address>
         <size>0x4e</size>
         <input_file_ref idref="fl-1d"/>
      </object_component>
      <object_component id="oc-159">
         <name>.debug_line</name>
         <load_address>0x466</load_address>
         <run_address>0x466</run_address>
         <size>0x2a</size>
         <input_file_ref idref="fl-1e"/>
      </object_component>
      <object_component id="oc-6c">
         <name>.debug_line</name>
         <load_address>0x490</load_address>
         <run_address>0x490</run_address>
         <size>0x4c</size>
         <input_file_ref idref="fl-1f"/>
      </object_component>
      <object_component id="oc-17f">
         <name>.debug_line</name>
         <load_address>0x4dc</load_address>
         <run_address>0x4dc</run_address>
         <size>0x20</size>
         <input_file_ref idref="fl-22"/>
      </object_component>
      <object_component id="oc-4e">
         <name>.debug_line</name>
         <load_address>0x4fc</load_address>
         <run_address>0x4fc</run_address>
         <size>0x4d</size>
         <input_file_ref idref="fl-22"/>
      </object_component>
      <object_component id="oc-121">
         <name>.debug_line</name>
         <load_address>0x549</load_address>
         <run_address>0x549</run_address>
         <size>0x34</size>
         <input_file_ref idref="fl-22"/>
      </object_component>
      <object_component id="oc-164">
         <name>.debug_line</name>
         <load_address>0x57d</load_address>
         <run_address>0x57d</run_address>
         <size>0x8a</size>
         <input_file_ref idref="fl-22"/>
      </object_component>
      <object_component id="oc-297">
         <name>.debug_line</name>
         <load_address>0x607</load_address>
         <run_address>0x607</run_address>
         <size>0x2d</size>
         <input_file_ref idref="fl-23"/>
      </object_component>
      <object_component id="oc-1c6">
         <name>.debug_line</name>
         <load_address>0x634</load_address>
         <run_address>0x634</run_address>
         <size>0xe9</size>
         <input_file_ref idref="fl-23"/>
      </object_component>
      <object_component id="oc-23d">
         <name>.debug_line</name>
         <load_address>0x71d</load_address>
         <run_address>0x71d</run_address>
         <size>0x2e</size>
         <input_file_ref idref="fl-23"/>
      </object_component>
      <object_component id="oc-171">
         <name>.debug_line</name>
         <load_address>0x74b</load_address>
         <run_address>0x74b</run_address>
         <size>0x40</size>
         <input_file_ref idref="fl-24"/>
      </object_component>
      <object_component id="oc-14d">
         <name>.debug_line</name>
         <load_address>0x78b</load_address>
         <run_address>0x78b</run_address>
         <size>0x3d</size>
         <input_file_ref idref="fl-25"/>
      </object_component>
      <object_component id="oc-1c9">
         <name>.debug_line</name>
         <load_address>0x7c8</load_address>
         <run_address>0x7c8</run_address>
         <size>0x3d</size>
         <input_file_ref idref="fl-27"/>
      </object_component>
      <object_component id="oc-250">
         <name>.debug_line</name>
         <load_address>0x805</load_address>
         <run_address>0x805</run_address>
         <size>0x5a</size>
         <input_file_ref idref="fl-28"/>
      </object_component>
      <object_component id="oc-1ba">
         <name>.debug_line</name>
         <load_address>0x85f</load_address>
         <run_address>0x85f</run_address>
         <size>0x3d</size>
         <input_file_ref idref="fl-29"/>
      </object_component>
      <object_component id="oc-2c2">
         <name>.debug_line</name>
         <load_address>0x89c</load_address>
         <run_address>0x89c</run_address>
         <size>0x20</size>
         <input_file_ref idref="fl-2a"/>
      </object_component>
      <object_component id="oc-227">
         <name>.debug_line</name>
         <load_address>0x8bc</load_address>
         <run_address>0x8bc</run_address>
         <size>0x71</size>
         <input_file_ref idref="fl-2a"/>
      </object_component>
      <object_component id="oc-2c8">
         <name>.debug_line</name>
         <load_address>0x92d</load_address>
         <run_address>0x92d</run_address>
         <size>0x20</size>
         <input_file_ref idref="fl-2b"/>
      </object_component>
      <object_component id="oc-249">
         <name>.debug_line</name>
         <load_address>0x94d</load_address>
         <run_address>0x94d</run_address>
         <size>0xdc</size>
         <input_file_ref idref="fl-2b"/>
      </object_component>
      <object_component id="oc-110">
         <name>.debug_line</name>
         <load_address>0xa29</load_address>
         <run_address>0xa29</run_address>
         <size>0x3d</size>
         <input_file_ref idref="fl-37"/>
      </object_component>
      <object_component id="oc-234">
         <name>.debug_line</name>
         <load_address>0xa66</load_address>
         <run_address>0xa66</run_address>
         <size>0x4e</size>
         <input_file_ref idref="fl-38"/>
      </object_component>
      <object_component id="oc-27a">
         <name>.debug_line</name>
         <load_address>0xab4</load_address>
         <run_address>0xab4</run_address>
         <size>0x56</size>
         <input_file_ref idref="fl-39"/>
      </object_component>
      <object_component id="oc-241">
         <name>.debug_line</name>
         <load_address>0xb0a</load_address>
         <run_address>0xb0a</run_address>
         <size>0x5e</size>
         <input_file_ref idref="fl-3a"/>
      </object_component>
      <object_component id="oc-299">
         <name>.debug_line</name>
         <load_address>0xb68</load_address>
         <run_address>0xb68</run_address>
         <size>0x42</size>
         <input_file_ref idref="fl-3b"/>
      </object_component>
      <object_component id="oc-281">
         <name>.debug_line</name>
         <load_address>0xbaa</load_address>
         <run_address>0xbaa</run_address>
         <size>0x65</size>
         <input_file_ref idref="fl-3b"/>
      </object_component>
      <object_component id="oc-1df">
         <name>.debug_line</name>
         <load_address>0xc0f</load_address>
         <run_address>0xc0f</run_address>
         <size>0x20</size>
         <input_file_ref idref="fl-3d"/>
      </object_component>
      <object_component id="oc-f6">
         <name>.debug_line</name>
         <load_address>0xc2f</load_address>
         <run_address>0xc2f</run_address>
         <size>0x45</size>
         <input_file_ref idref="fl-3d"/>
      </object_component>
      <object_component id="oc-292">
         <name>.debug_line</name>
         <load_address>0xc74</load_address>
         <run_address>0xc74</run_address>
         <size>0x2d</size>
         <input_file_ref idref="fl-3f"/>
      </object_component>
      <object_component id="oc-1c0">
         <name>.debug_line</name>
         <load_address>0xca1</load_address>
         <run_address>0xca1</run_address>
         <size>0x103</size>
         <input_file_ref idref="fl-3f"/>
      </object_component>
      <object_component id="oc-1e4">
         <name>.debug_line</name>
         <load_address>0xda4</load_address>
         <run_address>0xda4</run_address>
         <size>0x42</size>
         <input_file_ref idref="fl-40"/>
      </object_component>
      <object_component id="oc-288">
         <name>.debug_line</name>
         <load_address>0xde6</load_address>
         <run_address>0xde6</run_address>
         <size>0x4b</size>
         <input_file_ref idref="fl-41"/>
      </object_component>
      <object_component id="oc-129">
         <name>.debug_line</name>
         <load_address>0xe31</load_address>
         <run_address>0xe31</run_address>
         <size>0x3e</size>
         <input_file_ref idref="fl-42"/>
      </object_component>
      <object_component id="oc-2b9">
         <name>.debug_line</name>
         <load_address>0xe6f</load_address>
         <run_address>0xe6f</run_address>
         <size>0x97</size>
         <input_file_ref idref="fl-43"/>
      </object_component>
      <object_component id="oc-1d4">
         <name>.debug_line</name>
         <load_address>0xf06</load_address>
         <run_address>0xf06</run_address>
         <size>0x46</size>
         <input_file_ref idref="fl-43"/>
      </object_component>
      <object_component id="oc-257">
         <name>.debug_line</name>
         <load_address>0xf4c</load_address>
         <run_address>0xf4c</run_address>
         <size>0x42</size>
         <input_file_ref idref="fl-43"/>
      </object_component>
      <object_component id="oc-25d">
         <name>.debug_line</name>
         <load_address>0xf8e</load_address>
         <run_address>0xf8e</run_address>
         <size>0x3d</size>
         <input_file_ref idref="fl-43"/>
      </object_component>
      <object_component id="oc-2bd">
         <name>.debug_line</name>
         <load_address>0xfcb</load_address>
         <run_address>0xfcb</run_address>
         <size>0x89</size>
         <input_file_ref idref="fl-43"/>
      </object_component>
      <object_component id="oc-2e1">
         <name>.debug_line</name>
         <load_address>0x1054</load_address>
         <run_address>0x1054</run_address>
         <size>0x98</size>
         <input_file_ref idref="fl-45"/>
      </object_component>
      <object_component id="oc-2d7">
         <name>.debug_line</name>
         <load_address>0x10ec</load_address>
         <run_address>0x10ec</run_address>
         <size>0x118</size>
         <input_file_ref idref="fl-45"/>
      </object_component>
      <object_component id="oc-2a7">
         <name>.debug_line</name>
         <load_address>0x1204</load_address>
         <run_address>0x1204</run_address>
         <size>0x95</size>
         <input_file_ref idref="fl-45"/>
      </object_component>
      <object_component id="oc-260">
         <name>.debug_line</name>
         <load_address>0x1299</load_address>
         <run_address>0x1299</run_address>
         <size>0xa1</size>
         <input_file_ref idref="fl-45"/>
      </object_component>
      <object_component id="oc-2b6">
         <name>.debug_line</name>
         <load_address>0x133a</load_address>
         <run_address>0x133a</run_address>
         <size>0x8a</size>
         <input_file_ref idref="fl-45"/>
      </object_component>
      <object_component id="oc-2ef">
         <name>.debug_line</name>
         <load_address>0x13c4</load_address>
         <run_address>0x13c4</run_address>
         <size>0x2e</size>
         <input_file_ref idref="fl-45"/>
      </object_component>
      <object_component id="oc-28d">
         <name>.debug_line</name>
         <load_address>0x13f2</load_address>
         <run_address>0x13f2</run_address>
         <size>0x56</size>
         <input_file_ref idref="fl-47"/>
      </object_component>
      <object_component id="oc-1ec">
         <name>.debug_line</name>
         <load_address>0x1448</load_address>
         <run_address>0x1448</run_address>
         <size>0xa9</size>
         <input_file_ref idref="fl-48"/>
      </object_component>
      <object_component id="oc-12c">
         <name>.debug_line</name>
         <load_address>0x14f1</load_address>
         <run_address>0x14f1</run_address>
         <size>0x91</size>
         <input_file_ref idref="fl-48"/>
      </object_component>
      <object_component id="oc-1f0">
         <name>.debug_line</name>
         <load_address>0x1582</load_address>
         <run_address>0x1582</run_address>
         <size>0x2e</size>
         <input_file_ref idref="fl-48"/>
      </object_component>
      <object_component id="oc-1f5">
         <name>.debug_line</name>
         <load_address>0x15b0</load_address>
         <run_address>0x15b0</run_address>
         <size>0x8b</size>
         <input_file_ref idref="fl-48"/>
      </object_component>
      <object_component id="oc-26a">
         <name>.debug_line</name>
         <load_address>0x163b</load_address>
         <run_address>0x163b</run_address>
         <size>0x98</size>
         <input_file_ref idref="fl-49"/>
      </object_component>
      <object_component id="oc-185">
         <name>.debug_line</name>
         <load_address>0x16d3</load_address>
         <run_address>0x16d3</run_address>
         <size>0x5f</size>
         <input_file_ref idref="fl-49"/>
      </object_component>
      <object_component id="oc-26e">
         <name>.debug_line</name>
         <load_address>0x1732</load_address>
         <run_address>0x1732</run_address>
         <size>0x2e</size>
         <input_file_ref idref="fl-49"/>
      </object_component>
      <object_component id="oc-2e7">
         <name>.debug_line</name>
         <load_address>0x1760</load_address>
         <run_address>0x1760</run_address>
         <size>0x43</size>
         <input_file_ref idref="fl-4a"/>
      </object_component>
      <object_component id="oc-2c6">
         <name>.debug_line</name>
         <load_address>0x17a3</load_address>
         <run_address>0x17a3</run_address>
         <size>0x20</size>
         <input_file_ref idref="fl-4b"/>
      </object_component>
      <object_component id="oc-22e">
         <name>.debug_line</name>
         <load_address>0x17c3</load_address>
         <run_address>0x17c3</run_address>
         <size>0xa8</size>
         <input_file_ref idref="fl-4b"/>
      </object_component>
      <object_component id="oc-2f7">
         <name>.debug_line</name>
         <load_address>0x186b</load_address>
         <run_address>0x186b</run_address>
         <size>0x20</size>
         <input_file_ref idref="fl-4c"/>
      </object_component>
      <object_component id="oc-2de">
         <name>.debug_line</name>
         <load_address>0x188b</load_address>
         <run_address>0x188b</run_address>
         <size>0x48</size>
         <input_file_ref idref="fl-4c"/>
      </object_component>
      <object_component id="oc-2f4">
         <name>.debug_line</name>
         <load_address>0x18d3</load_address>
         <run_address>0x18d3</run_address>
         <size>0x20</size>
         <input_file_ref idref="fl-4d"/>
      </object_component>
      <object_component id="oc-2d0">
         <name>.debug_line</name>
         <load_address>0x18f3</load_address>
         <run_address>0x18f3</run_address>
         <size>0xa6</size>
         <input_file_ref idref="fl-4d"/>
      </object_component>
      <object_component id="oc-188">
         <name>.debug_line</name>
         <load_address>0x1999</load_address>
         <run_address>0x1999</run_address>
         <size>0x3a</size>
         <input_file_ref idref="fl-4e"/>
      </object_component>
      <object_component id="oc-2e3">
         <name>.debug_line</name>
         <load_address>0x19d3</load_address>
         <run_address>0x19d3</run_address>
         <size>0x20</size>
         <input_file_ref idref="fl-4f"/>
      </object_component>
      <object_component id="oc-2a1">
         <name>.debug_line</name>
         <load_address>0x19f3</load_address>
         <run_address>0x19f3</run_address>
         <size>0xa4</size>
         <input_file_ref idref="fl-4f"/>
      </object_component>
      <object_component id="oc-217">
         <name>.debug_frame</name>
         <load_address>0x0</load_address>
         <run_address>0x0</run_address>
         <size>0x47</size>
         <input_file_ref idref="fl-2"/>
      </object_component>
      <object_component id="oc-1b5">
         <name>.debug_frame</name>
         <load_address>0x47</load_address>
         <run_address>0x47</run_address>
         <size>0x47</size>
         <input_file_ref idref="fl-2"/>
      </object_component>
      <object_component id="oc-1db">
         <name>.debug_frame</name>
         <load_address>0x8e</load_address>
         <run_address>0x8e</run_address>
         <size>0x47</size>
         <input_file_ref idref="fl-2"/>
      </object_component>
      <object_component id="oc-1a8">
         <name>.debug_frame</name>
         <load_address>0xd5</load_address>
         <run_address>0xd5</run_address>
         <size>0x47</size>
         <input_file_ref idref="fl-2"/>
      </object_component>
      <object_component id="oc-21e">
         <name>.debug_frame</name>
         <load_address>0x11c</load_address>
         <run_address>0x11c</run_address>
         <size>0x47</size>
         <input_file_ref idref="fl-2"/>
      </object_component>
      <object_component id="oc-1af">
         <name>.debug_frame</name>
         <load_address>0x163</load_address>
         <run_address>0x163</run_address>
         <size>0x47</size>
         <input_file_ref idref="fl-2"/>
      </object_component>
      <object_component id="oc-149">
         <name>.debug_frame</name>
         <load_address>0x1aa</load_address>
         <run_address>0x1aa</run_address>
         <size>0x5a</size>
         <input_file_ref idref="fl-2"/>
      </object_component>
      <object_component id="oc-116">
         <name>.debug_frame</name>
         <load_address>0x204</load_address>
         <run_address>0x204</run_address>
         <size>0x47</size>
         <input_file_ref idref="fl-2"/>
      </object_component>
      <object_component id="oc-11c">
         <name>.debug_frame</name>
         <load_address>0x24b</load_address>
         <run_address>0x24b</run_address>
         <size>0x50</size>
         <input_file_ref idref="fl-2"/>
      </object_component>
      <object_component id="oc-6d">
         <name>.debug_frame</name>
         <load_address>0x29b</load_address>
         <run_address>0x29b</run_address>
         <size>0x42</size>
         <input_file_ref idref="fl-1f"/>
      </object_component>
      <object_component id="oc-4f">
         <name>.debug_frame</name>
         <load_address>0x2dd</load_address>
         <run_address>0x2dd</run_address>
         <size>0x47</size>
         <input_file_ref idref="fl-22"/>
      </object_component>
      <object_component id="oc-1c7">
         <name>.debug_frame</name>
         <load_address>0x324</load_address>
         <run_address>0x324</run_address>
         <size>0x73</size>
         <input_file_ref idref="fl-23"/>
      </object_component>
      <object_component id="oc-14e">
         <name>.debug_frame</name>
         <load_address>0x397</load_address>
         <run_address>0x397</run_address>
         <size>0x47</size>
         <input_file_ref idref="fl-25"/>
      </object_component>
      <object_component id="oc-1ca">
         <name>.debug_frame</name>
         <load_address>0x3de</load_address>
         <run_address>0x3de</run_address>
         <size>0x47</size>
         <input_file_ref idref="fl-27"/>
      </object_component>
      <object_component id="oc-251">
         <name>.debug_frame</name>
         <load_address>0x425</load_address>
         <run_address>0x425</run_address>
         <size>0x50</size>
         <input_file_ref idref="fl-28"/>
      </object_component>
      <object_component id="oc-1bb">
         <name>.debug_frame</name>
         <load_address>0x475</load_address>
         <run_address>0x475</run_address>
         <size>0x47</size>
         <input_file_ref idref="fl-29"/>
      </object_component>
      <object_component id="oc-22b">
         <name>.debug_frame</name>
         <load_address>0x4bc</load_address>
         <run_address>0x4bc</run_address>
         <size>0x52</size>
         <input_file_ref idref="fl-2a"/>
      </object_component>
      <object_component id="oc-245">
         <name>.debug_frame</name>
         <load_address>0x50e</load_address>
         <run_address>0x50e</run_address>
         <size>0x85</size>
         <input_file_ref idref="fl-2b"/>
      </object_component>
      <object_component id="oc-f7">
         <name>.debug_frame</name>
         <load_address>0x593</load_address>
         <run_address>0x593</run_address>
         <size>0x47</size>
         <input_file_ref idref="fl-3d"/>
      </object_component>
      <object_component id="oc-1c1">
         <name>.debug_frame</name>
         <load_address>0x5da</load_address>
         <run_address>0x5da</run_address>
         <size>0x86</size>
         <input_file_ref idref="fl-3f"/>
      </object_component>
      <object_component id="oc-125">
         <name>.debug_frame</name>
         <load_address>0x660</load_address>
         <run_address>0x660</run_address>
         <size>0x47</size>
         <input_file_ref idref="fl-42"/>
      </object_component>
      <object_component id="oc-1d5">
         <name>.debug_frame</name>
         <load_address>0x6a7</load_address>
         <run_address>0x6a7</run_address>
         <size>0x4d</size>
         <input_file_ref idref="fl-43"/>
      </object_component>
      <object_component id="oc-258">
         <name>.debug_frame</name>
         <load_address>0x6f4</load_address>
         <run_address>0x6f4</run_address>
         <size>0x51</size>
         <input_file_ref idref="fl-43"/>
      </object_component>
      <object_component id="oc-25e">
         <name>.debug_frame</name>
         <load_address>0x745</load_address>
         <run_address>0x745</run_address>
         <size>0x47</size>
         <input_file_ref idref="fl-43"/>
      </object_component>
      <object_component id="oc-2d8">
         <name>.debug_frame</name>
         <load_address>0x78c</load_address>
         <run_address>0x78c</run_address>
         <size>0x57</size>
         <input_file_ref idref="fl-45"/>
      </object_component>
      <object_component id="oc-2ab">
         <name>.debug_frame</name>
         <load_address>0x7e3</load_address>
         <run_address>0x7e3</run_address>
         <size>0x67</size>
         <input_file_ref idref="fl-45"/>
      </object_component>
      <object_component id="oc-264">
         <name>.debug_frame</name>
         <load_address>0x84a</load_address>
         <run_address>0x84a</run_address>
         <size>0x71</size>
         <input_file_ref idref="fl-45"/>
      </object_component>
      <object_component id="oc-12b">
         <name>.debug_frame</name>
         <load_address>0x8bb</load_address>
         <run_address>0x8bb</run_address>
         <size>0x51</size>
         <input_file_ref idref="fl-48"/>
      </object_component>
      <object_component id="oc-186">
         <name>.debug_frame</name>
         <load_address>0x90c</load_address>
         <run_address>0x90c</run_address>
         <size>0x51</size>
         <input_file_ref idref="fl-49"/>
      </object_component>
      <object_component id="oc-232">
         <name>.debug_frame</name>
         <load_address>0x95d</load_address>
         <run_address>0x95d</run_address>
         <size>0x98</size>
         <input_file_ref idref="fl-4b"/>
      </object_component>
      <object_component id="oc-2da">
         <name>.debug_frame</name>
         <load_address>0x9f5</load_address>
         <run_address>0x9f5</run_address>
         <size>0x47</size>
         <input_file_ref idref="fl-4c"/>
      </object_component>
      <object_component id="oc-2d1">
         <name>.debug_frame</name>
         <load_address>0xa3c</load_address>
         <run_address>0xa3c</run_address>
         <size>0x47</size>
         <input_file_ref idref="fl-4d"/>
      </object_component>
      <object_component id="oc-189">
         <name>.debug_frame</name>
         <load_address>0xa83</load_address>
         <run_address>0xa83</run_address>
         <size>0x47</size>
         <input_file_ref idref="fl-4e"/>
      </object_component>
      <object_component id="oc-2a5">
         <name>.debug_frame</name>
         <load_address>0xaca</load_address>
         <run_address>0xaca</run_address>
         <size>0x47</size>
         <input_file_ref idref="fl-4f"/>
      </object_component>
      <object_component id="oc-1e1">
         <name>.debug_abbrev</name>
         <load_address>0x0</load_address>
         <run_address>0x0</run_address>
         <size>0xe7</size>
         <input_file_ref idref="fl-2"/>
      </object_component>
      <object_component id="oc-275">
         <name>.debug_abbrev</name>
         <load_address>0xe7</load_address>
         <run_address>0xe7</run_address>
         <size>0x50</size>
         <input_file_ref idref="fl-2"/>
      </object_component>
      <object_component id="oc-225">
         <name>.debug_abbrev</name>
         <load_address>0x137</load_address>
         <run_address>0x137</run_address>
         <size>0x7a</size>
         <input_file_ref idref="fl-2"/>
      </object_component>
      <object_component id="oc-267">
         <name>.debug_abbrev</name>
         <load_address>0x1b1</load_address>
         <run_address>0x1b1</run_address>
         <size>0x7a</size>
         <input_file_ref idref="fl-2"/>
      </object_component>
      <object_component id="oc-218">
         <name>.debug_abbrev</name>
         <load_address>0x22b</load_address>
         <run_address>0x22b</run_address>
         <size>0x5e</size>
         <input_file_ref idref="fl-2"/>
      </object_component>
      <object_component id="oc-276">
         <name>.debug_abbrev</name>
         <load_address>0x289</load_address>
         <run_address>0x289</run_address>
         <size>0x7a</size>
         <input_file_ref idref="fl-2"/>
      </object_component>
      <object_component id="oc-21f">
         <name>.debug_abbrev</name>
         <load_address>0x303</load_address>
         <run_address>0x303</run_address>
         <size>0x7a</size>
         <input_file_ref idref="fl-2"/>
      </object_component>
      <object_component id="oc-1dc">
         <name>.debug_abbrev</name>
         <load_address>0x37d</load_address>
         <run_address>0x37d</run_address>
         <size>0x54</size>
         <input_file_ref idref="fl-2"/>
      </object_component>
[...]
         <value>0xd622</value>
         <object_component_ref idref="oc-16d"/>
      </symbol>
      <symbol id="sm-182">
         <name>__mspabi_func_epilog_7</name>
         <value>0xd620</value>
         <object_component_ref idref="oc-16d"/>
      </symbol>
      <symbol id="sm-183">
         <name>__mspabi_func_epilog_4</name>
         <value>0xd626</value>
         <object_component_ref idref="oc-16d"/>
      </symbol>
      <symbol id="sm-184">
         <name>__mspabi_func_epilog_5</name>
         <value>0xd624</value>
         <object_component_ref idref="oc-16d"/>
      </symbol>
      <symbol id="sm-18e">
         <name>C$$EXIT</name>
         <value>0xd64c</value>
         <object_component_ref idref="oc-14c"/>
      </symbol>
      <symbol id="sm-18f">
         <name>abort</name>
         <value>0xd64c</value>
         <object_component_ref idref="oc-14c"/>
      </symbol>
      <symbol id="sm-19b">
         <name>__mspabi_fixdu</name>
         <value>0xd5c6</value>
         <object_component_ref idref="oc-1c8"/>
      </symbol>
      <symbol id="sm-1ab">
         <name>__mspabi_fixdul</name>
         <value>0xd0ce</value>
         <object_component_ref idref="oc-24c"/>
      </symbol>
      <symbol id="sm-1b4">
         <name>__mspabi_fltud</name>
         <value>0xd646</value>
         <object_component_ref idref="oc-1b6"/>
      </symbol>
      <symbol id="sm-1c9">
         <name>__mspabi_fltuld</name>
         <value>0xcfce</value>
         <object_component_ref idref="oc-226"/>
      </symbol>
      <symbol id="sm-1e4">
         <name>__TI_frcdivd</name>
         <value>0xc000</value>
         <object_component_ref idref="oc-244"/>
      </symbol>
      <symbol id="sm-1e7">
         <name>__TI_int00</name>
         <value>0xffe0</value>
         <object_component_ref idref="oc-3d"/>
      </symbol>
      <symbol id="sm-1ea">
         <name>__TI_int02</name>
         <value>0xffe4</value>
         <object_component_ref idref="oc-3e"/>
      </symbol>
      <symbol id="sm-1ed">
         <name>__TI_int03</name>
         <value>0xffe6</value>
         <object_component_ref idref="oc-3f"/>
      </symbol>
      <symbol id="sm-1f0">
         <name>__TI_int05</name>
         <value>0xffea</value>
         <object_component_ref idref="oc-40"/>
      </symbol>
      <symbol id="sm-1f3">
         <name>__TI_int06</name>
         <value>0xffec</value>
         <object_component_ref idref="oc-41"/>
      </symbol>
      <symbol id="sm-1f6">
         <name>__TI_int07</name>
         <value>0xffee</value>
         <object_component_ref idref="oc-42"/>
      </symbol>
      <symbol id="sm-1f9">
         <name>__TI_int10</name>
         <value>0xfff4</value>
         <object_component_ref idref="oc-45"/>
      </symbol>
      <symbol id="sm-1fc">
         <name>__TI_int11</name>
         <value>0xfff6</value>
         <object_component_ref idref="oc-46"/>
      </symbol>
      <symbol id="sm-1ff">
         <name>__TI_int12</name>
         <value>0xfff8</value>
         <object_component_ref idref="oc-47"/>
      </symbol>
      <symbol id="sm-202">
         <name>__TI_int13</name>
         <value>0xfffa</value>
         <object_component_ref idref="oc-48"/>
      </symbol>
      <symbol id="sm-205">
         <name>__TI_int14</name>
         <value>0xfffc</value>
         <object_component_ref idref="oc-49"/>
      </symbol>
      <symbol id="sm-20d">
         <name>__TI_ISR_TRAP</name>
         <value>0xd63e</value>
         <object_component_ref idref="oc-10c"/>
      </symbol>
      <symbol id="sm-215">
         <name>__mspabi_slli</name>
         <value>0xd4ba</value>
         <object_component_ref idref="oc-233"/>
      </symbol>
      <symbol id="sm-216">
         <name>__mspabi_slli_9</name>
         <value>0xd4d2</value>
         <object_component_ref idref="oc-233"/>
      </symbol>
      <symbol id="sm-217">
         <name>__mspabi_slli_8</name>
         <value>0xd4d4</value>
         <object_component_ref idref="oc-233"/>
      </symbol>
      <symbol id="sm-218">
         <name>__mspabi_slli_7</name>
         <value>0xd4d6</value>
         <object_component_ref idref="oc-233"/>
      </symbol>
      <symbol id="sm-219">
         <name>__mspabi_slli_6</name>
         <value>0xd4d8</value>
         <object_component_ref idref="oc-233"/>
      </symbol>
      <symbol id="sm-21a">
         <name>__mspabi_slli_5</name>
         <value>0xd4da</value>
         <object_component_ref idref="oc-233"/>
      </symbol>
      <symbol id="sm-21b">
         <name>__mspabi_slli_4</name>
         <value>0xd4dc</value>
         <object_component_ref idref="oc-233"/>
      </symbol>
      <symbol id="sm-21c">
         <name>__mspabi_slli_3</name>
         <value>0xd4de</value>
         <object_component_ref idref="oc-233"/>
      </symbol>
      <symbol id="sm-21d">
         <name>__mspabi_slli_2</name>
         <value>0xd4e0</value>
         <object_component_ref idref="oc-233"/>
      </symbol>
      <symbol id="sm-21e">
         <name>__mspabi_slli_1</name>
         <value>0xd4e2</value>
         <object_component_ref idref="oc-233"/>
      </symbol>
      <symbol id="sm-21f">
         <name>__mspabi_slli_15</name>
         <value>0xd4c6</value>
         <object_component_ref idref="oc-233"/>
      </symbol>
      <symbol id="sm-220">
         <name>__mspabi_slli_14</name>
         <value>0xd4c8</value>
         <object_component_ref idref="oc-233"/>
      </symbol>
      <symbol id="sm-221">
         <name>__mspabi_slli_13</name>
         <value>0xd4ca</value>
         <object_component_ref idref="oc-233"/>
      </symbol>
      <symbol id="sm-222">
         <name>__mspabi_slli_12</name>
         <value>0xd4cc</value>
         <object_component_ref idref="oc-233"/>
      </symbol>
      <symbol id="sm-223">
         <name>__mspabi_slli_11</name>
         <value>0xd4ce</value>
         <object_component_ref idref="oc-233"/>
      </symbol>
      <symbol id="sm-224">
         <name>__mspabi_slli_10</name>
         <value>0xd4d0</value>
         <object_component_ref idref="oc-233"/>
      </symbol>
      <symbol id="sm-22c">
         <name>__mspabi_slll_9</name>
         <value>0xd38e</value>
         <object_component_ref idref="oc-278"/>
      </symbol>
      <symbol id="sm-22d">
         <name>__mspabi_slll_8</name>
         <value>0xd392</value>
         <object_component_ref idref="oc-278"/>
      </symbol>
      <symbol id="sm-22e">
         <name>__mspabi_slll_7</name>
         <value>0xd396</value>
         <object_component_ref idref="oc-278"/>
      </symbol>
      <symbol id="sm-22f">
         <name>__mspabi_slll_6</name>
         <value>0xd39a</value>
         <object_component_ref idref="oc-278"/>
      </symbol>
      <symbol id="sm-230">
         <name>__mspabi_slll_5</name>
         <value>0xd39e</value>
         <object_component_ref idref="oc-278"/>
      </symbol>
      <symbol id="sm-231">
         <name>__mspabi_slll_4</name>
         <value>0xd3a2</value>
         <object_component_ref idref="oc-278"/>
      </symbol>
      <symbol id="sm-232">
         <name>__mspabi_slll_3</name>
         <value>0xd3a6</value>
         <object_component_ref idref="oc-278"/>
      </symbol>
      <symbol id="sm-233">
         <name>__mspabi_slll_2</name>
         <value>0xd3aa</value>
         <object_component_ref idref="oc-278"/>
      </symbol>
      <symbol id="sm-234">
         <name>__mspabi_slll_1</name>
         <value>0xd3ae</value>
         <object_component_ref idref="oc-278"/>
      </symbol>
      <symbol id="sm-235">
         <name>__mspabi_slll_15</name>
         <value>0xd376</value>
         <object_component_ref idref="oc-278"/>
      </symbol>
      <symbol id="sm-236">
         <name>__mspabi_slll_14</name>
         <value>0xd37a</value>
         <object_component_ref idref="oc-278"/>
      </symbol>
      <symbol id="sm-237">
         <name>__mspabi_slll_13</name>
         <value>0xd37e</value>
         <object_component_ref idref="oc-278"/>
      </symbol>
      <symbol id="sm-238">
         <name>__mspabi_slll_12</name>
         <value>0xd382</value>
         <object_component_ref idref="oc-278"/>
      </symbol>
      <symbol id="sm-239">
         <name>__mspabi_slll_11</name>
         <value>0xd386</value>
         <object_component_ref idref="oc-278"/>
      </symbol>
      <symbol id="sm-23a">
         <name>__mspabi_slll_10</name>
         <value>0xd38a</value>
         <object_component_ref idref="oc-278"/>
      </symbol>
      <symbol id="sm-242">
         <name>__mspabi_srli_8</name>
         <value>0xd290</value>
         <object_component_ref idref="oc-23f"/>
      </symbol>
      <symbol id="sm-243">
         <name>__mspabi_srli_9</name>
         <value>0xd28c</value>
         <object_component_ref idref="oc-23f"/>
      </symbol>
      <symbol id="sm-244">
         <name>__mspabi_srli_6</name>
         <value>0xd298</value>
         <object_component_ref idref="oc-23f"/>
      </symbol>
      <symbol id="sm-245">
         <name>__mspabi_srli_7</name>
         <value>0xd294</value>
         <object_component_ref idref="oc-23f"/>
      </symbol>
      <symbol id="sm-246">
         <name>__mspabi_srli_4</name>
         <value>0xd2a0</value>
         <object_component_ref idref="oc-23f"/>
      </symbol>
      <symbol id="sm-247">
         <name>__mspabi_srli_5</name>
         <value>0xd29c</value>
         <object_component_ref idref="oc-23f"/>
      </symbol>
      <symbol id="sm-248">
         <name>__mspabi_srli_2</name>
         <value>0xd2a8</value>
         <object_component_ref idref="oc-23f"/>
      </symbol>
      <symbol id="sm-249">
         <name>__mspabi_srli_3</name>
         <value>0xd2a4</value>
         <object_component_ref idref="oc-23f"/>
      </symbol>
      <symbol id="sm-24a">
         <name>__mspabi_srli_1</name>
         <value>0xd2ac</value>
         <object_component_ref idref="oc-23f"/>
      </symbol>
      <symbol id="sm-24b">
         <name>__mspabi_srli</name>
         <value>0xd266</value>
         <object_component_ref idref="oc-23f"/>
      </symbol>
      <symbol id="sm-24c">
         <name>__mspabi_srli_15</name>
         <value>0xd274</value>
         <object_component_ref idref="oc-23f"/>
      </symbol>
      <symbol id="sm-24d">
         <name>__mspabi_srli_14</name>
         <value>0xd278</value>
         <object_component_ref idref="oc-23f"/>
      </symbol>
      <symbol id="sm-24e">
         <name>__mspabi_srli_13</name>
         <value>0xd27c</value>
         <object_component_ref idref="oc-23f"/>
      </symbol>
      <symbol id="sm-24f">
         <name>__mspabi_srli_12</name>
         <value>0xd280</value>
         <object_component_ref idref="oc-23f"/>
      </symbol>
      <symbol id="sm-250">
         <name>__mspabi_srli_11</name>
         <value>0xd284</value>
         <object_component_ref idref="oc-23f"/>
      </symbol>
      <symbol id="sm-251">
         <name>__mspabi_srli_10</name>
         <value>0xd288</value>
         <object_component_ref idref="oc-23f"/>
      </symbol>
      <symbol id="sm-261">
         <name>__mspabi_srll_8</name>
         <value>0xd1da</value>
         <object_component_ref idref="oc-27d"/>
      </symbol>
      <symbol id="sm-262">
         <name>__mspabi_srll_9</name>
         <value>0xd1d4</value>
         <object_component_ref idref="oc-27d"/>
      </symbol>
      <symbol id="sm-263">
         <name>__mspabi_srll_6</name>
         <value>0xd1e6</value>
         <object_component_ref idref="oc-27d"/>
      </symbol>
      <symbol id="sm-264">
         <name>__mspabi_srll_7</name>
         <value>0xd1e0</value>
         <object_component_ref idref="oc-27d"/>
      </symbol>
      <symbol id="sm-265">
         <name>__mspabi_srll_4</name>
         <value>0xd1f2</value>
         <object_component_ref idref="oc-27d"/>
      </symbol>
      <symbol id="sm-266">
         <name>__mspabi_srll_5</name>
         <value>0xd1ec</value>
         <object_component_ref idref="oc-27d"/>
      </symbol>
      <symbol id="sm-267">
         <name>__mspabi_srll_2</name>
         <value>0xd1fe</value>
         <object_component_ref idref="oc-27d"/>
      </symbol>
      <symbol id="sm-268">
         <name>__mspabi_srll_3</name>
         <value>0xd1f8</value>
         <object_component_ref idref="oc-27d"/>
      </symbol>
      <symbol id="sm-269">
         <name>__mspabi_srll_1</name>
         <value>0xd204</value>
         <object_component_ref idref="oc-27d"/>
      </symbol>
      <symbol id="sm-26a">
         <name>__mspabi_srll_15</name>
         <value>0xd1b0</value>
         <object_component_ref idref="oc-27d"/>
      </symbol>
      <symbol id="sm-26b">
         <name>__mspabi_srll_14</name>
         <value>0xd1b6</value>
         <object_component_ref idref="oc-27d"/>
      </symbol>
      <symbol id="sm-26c">
         <name>__mspabi_srll_13</name>
         <value>0xd1bc</value>
         <object_component_ref idref="oc-27d"/>
      </symbol>
      <symbol id="sm-26d">
         <name>__mspabi_srll_12</name>
         <value>0xd1c2</value>
         <object_component_ref idref="oc-27d"/>
      </symbol>
      <symbol id="sm-26e">
         <name>__mspabi_srll_11</name>
         <value>0xd1c8</value>
         <object_component_ref idref="oc-27d"/>
      </symbol>
      <symbol id="sm-26f">
         <name>__mspabi_srll_10</name>
         <value>0xd1ce</value>
         <object_component_ref idref="oc-27d"/>
      </symbol>
      <symbol id="sm-270">
         <name>__mspabi_srll</name>
         <value>0xd5fc</value>
         <object_component_ref idref="oc-298"/>
      </symbol>
      <symbol id="sm-27f">
         <name>memcpy</name>
         <value>0xd60e</value>
         <object_component_ref idref="oc-f2"/>
      </symbol>
      <symbol id="sm-2a2">
         <name>__mspabi_mpyd</name>
         <value>0xc782</value>
         <object_component_ref idref="oc-1bc"/>
      </symbol>
      <symbol id="sm-2ac">
         <name>__mspabi_mpyi_sw</name>
         <value>0xd5b2</value>
         <object_component_ref idref="oc-1e3"/>
      </symbol>
      <symbol id="sm-2ad">
         <name>__mspabi_mpyi</name>
         <value>0xd5b2</value>
         <object_component_ref idref="oc-1e3"/>
      </symbol>
      <symbol id="sm-2b7">
         <name>__mspabi_mpyl_sw</name>
         <value>0xd4e6</value>
         <object_component_ref idref="oc-284"/>
      </symbol>
      <symbol id="sm-2b8">
         <name>__mspabi_mpyl</name>
         <value>0xd4e6</value>
         <object_component_ref idref="oc-284"/>
      </symbol>
      <symbol id="sm-2c1">
         <name>_system_pre_init</name>
         <value>0xd652</value>
         <object_component_ref idref="oc-124"/>
      </symbol>
      <symbol id="sm-2e2">
         <name>sprintf</name>
         <value>0xd42a</value>
         <object_component_ref idref="oc-1d0"/>
      </symbol>
      <symbol id="sm-32a">
         <name>__TI_printfi_minimal</name>
         <value>0xcd3e</value>
         <object_component_ref idref="oc-25f"/>
      </symbol>
      <symbol id="sm-333">
         <name>__mspabi_sral_15</name>
         <value>0xd338</value>
         <object_component_ref idref="oc-289"/>
      </symbol>
      <symbol id="sm-334">
         <name>__mspabi_sral_14</name>
         <value>0xd33c</value>
         <object_component_ref idref="oc-289"/>
      </symbol>
      <symbol id="sm-335">
         <name>__mspabi_sral_13</name>
         <value>0xd340</value>
         <object_component_ref idref="oc-289"/>
      </symbol>
      <symbol id="sm-336">
         <name>__mspabi_sral_12</name>
         <value>0xd344</value>
         <object_component_ref idref="oc-289"/>
      </symbol>
      <symbol id="sm-337">
         <name>__mspabi_sral_11</name>
         <value>0xd348</value>
         <object_component_ref idref="oc-289"/>
      </symbol>
      <symbol id="sm-338">
         <name>__mspabi_sral_10</name>
         <value>0xd34c</value>
         <object_component_ref idref="oc-289"/>
      </symbol>
      <symbol id="sm-339">
         <name>__mspabi_sral_8</name>
         <value>0xd354</value>
         <object_component_ref idref="oc-289"/>
      </symbol>
      <symbol id="sm-33a">
         <name>__mspabi_sral_9</name>
         <value>0xd350</value>
         <object_component_ref idref="oc-289"/>
      </symbol>
      <symbol id="sm-33b">
         <name>__mspabi_sral_6</name>
         <value>0xd35c</value>
         <object_component_ref idref="oc-289"/>
      </symbol>
      <symbol id="sm-33c">
         <name>__mspabi_sral_7</name>
         <value>0xd358</value>
         <object_component_ref idref="oc-289"/>
      </symbol>
      <symbol id="sm-33d">
         <name>__mspabi_sral_4</name>
         <value>0xd364</value>
         <object_component_ref idref="oc-289"/>
      </symbol>
      <symbol id="sm-33e">
         <name>__mspabi_sral_5</name>
         <value>0xd360</value>
         <object_component_ref idref="oc-289"/>
      </symbol>
      <symbol id="sm-33f">
         <name>__mspabi_sral_2</name>
         <value>0xd36c</value>
         <object_component_ref idref="oc-289"/>
      </symbol>
      <symbol id="sm-340">
         <name>__mspabi_sral_3</name>
         <value>0xd368</value>
         <object_component_ref idref="oc-289"/>
      </symbol>
      <symbol id="sm-341">
         <name>__mspabi_sral_1</name>
         <value>0xd370</value>
         <object_component_ref idref="oc-289"/>
      </symbol>
      <symbol id="sm-35d">
         <name>_auto_init</name>
         <value>0xd142</value>
         <object_component_ref idref="oc-12a"/>
      </symbol>
      <symbol id="sm-373">
         <name>copy_in</name>
         <value>0xd20c</value>
         <object_component_ref idref="oc-181"/>
      </symbol>
      <symbol id="sm-37d">
         <name>__mspabi_remu</name>
         <value>0xd574</value>
         <object_component_ref idref="oc-2e6"/>
      </symbol>
      <symbol id="sm-37e">
         <name>__mspabi_divu</name>
         <value>0xd574</value>
         <object_component_ref idref="oc-2e6"/>
      </symbol>
      <symbol id="sm-38f">
         <name>__TI_frcmpyd</name>
         <value>0xc48e</value>
         <object_component_ref idref="oc-22d"/>
      </symbol>
      <symbol id="sm-39e">
         <name>memccpy</name>
         <value>0xd55a</value>
         <object_component_ref idref="oc-2d9"/>
      </symbol>
      <symbol id="sm-3ac">
         <name>memset</name>
         <value>0xd59e</value>
         <object_component_ref idref="oc-2cc"/>
      </symbol>
      <symbol id="sm-3b5">
         <name>_system_post_cinit</name>
         <value>0xd656</value>
         <object_component_ref idref="oc-187"/>
      </symbol>
      <symbol id="sm-3c2">
         <name>strlen</name>
         <value>0xd630</value>
         <object_component_ref idref="oc-2a0"/>
      </symbol>
      <symbol id="sm-3c4">
         <name>__TI_BINIT_Base</name>
         <value>0x0</value>
      </symbol>
      <symbol id="sm-3c5">
         <name>__TI_BINIT_Limit</name>
         <value>0x0</value>
      </symbol>
      <symbol id="sm-3c6">
         <name>__TI_INITARRAY_Base</name>
         <value>0x0</value>
      </symbol>
      <symbol id="sm-3c7">
         <name>__TI_INITARRAY_Limit</name>
         <value>0x0</value>
      </symbol>
   </symbol_table>
   <title>Link successful</title>
</link_info>
